Component: ARM Compiler 5.06 update 7 (build 960) Tool: armlink [4d3601]

==============================================================================

Section Cross References

    system_stm32f10x.o(.text) refers to system_stm32f10x.o(.data) for SystemCoreClock
    startup_stm32f10x_hd.o(STACK) refers (Special) to heapauxi.o(.text) for __use_two_region_memory
    startup_stm32f10x_hd.o(HEAP) refers (Special) to heapauxi.o(.text) for __use_two_region_memory
    startup_stm32f10x_hd.o(RESET) refers (Special) to heapauxi.o(.text) for __use_two_region_memory
    startup_stm32f10x_hd.o(RESET) refers to startup_stm32f10x_hd.o(STACK) for __initial_sp
    startup_stm32f10x_hd.o(RESET) refers to startup_stm32f10x_hd.o(.text) for Reset_Handler
    startup_stm32f10x_hd.o(RESET) refers to stm32f10x_it.o(.text) for NMI_Handler
    startup_stm32f10x_hd.o(RESET) refers to esp8266.o(.text) for USART3_IRQHandler
    startup_stm32f10x_hd.o(.text) refers (Special) to heapauxi.o(.text) for __use_two_region_memory
    startup_stm32f10x_hd.o(.text) refers to system_stm32f10x.o(.text) for SystemInit
    startup_stm32f10x_hd.o(.text) refers to __main.o(!!!main) for __main
    startup_stm32f10x_hd.o(.text) refers to startup_stm32f10x_hd.o(HEAP) for Heap_Mem
    startup_stm32f10x_hd.o(.text) refers to startup_stm32f10x_hd.o(STACK) for Stack_Mem
    stm32f10x_gpio.o(.text) refers to stm32f10x_rcc.o(.text) for RCC_APB2PeriphResetCmd
    stm32f10x_rcc.o(.text) refers to stm32f10x_rcc.o(.data) for APBAHBPrescTable
    stm32f10x_usart.o(.text) refers to stm32f10x_rcc.o(.text) for RCC_APB2PeriphResetCmd
    stm32f10x_adc.o(.text) refers to stm32f10x_rcc.o(.text) for RCC_APB2PeriphResetCmd
    delay.o(.text) refers to delay.o(.data) for UsCount
    usart.o(.text) refers to stm32f10x_rcc.o(.text) for RCC_APB2PeriphClockCmd
    usart.o(.text) refers to stm32f10x_gpio.o(.text) for GPIO_Init
    usart.o(.text) refers to stm32f10x_usart.o(.text) for USART_Init
    usart.o(.text) refers to misc.o(.text) for NVIC_Init
    usart.o(.text) refers to vsnprintf.o(.text) for vsnprintf
    dht11.o(.text) refers to delay.o(.text) for delay_ms
    dht11.o(.text) refers to stm32f10x_rcc.o(.text) for RCC_APB2PeriphClockCmd
    dht11.o(.text) refers to stm32f10x_gpio.o(.text) for GPIO_Init
    oled.o(.text) refers to stm32f10x_rcc.o(.text) for RCC_APB2PeriphClockCmd
    oled.o(.text) refers to stm32f10x_gpio.o(.text) for GPIO_Init
    oled.o(.text) refers to oled.o(.constdata) for OLED_F8x16
    ad.o(.text) refers to stm32f10x_rcc.o(.text) for RCC_APB2PeriphClockCmd
    ad.o(.text) refers to stm32f10x_gpio.o(.text) for GPIO_Init
    ad.o(.text) refers to stm32f10x_adc.o(.text) for ADC_Init
    ad.o(.text) refers to fflt_clz.o(x$fpl$ffltu) for __aeabi_ui2f
    ad.o(.text) refers to fdiv.o(x$fpl$fdiv) for __aeabi_fdiv
    ad.o(.text) refers to f2d.o(x$fpl$f2d) for __aeabi_f2d
    ad.o(.text) refers to dmul.o(x$fpl$dmul) for __aeabi_dmul
    ad.o(.text) refers to d2f.o(x$fpl$d2f) for __aeabi_d2f
    ad.o(.text) refers to ddiv.o(x$fpl$ddiv) for __aeabi_ddiv
    ad.o(.text) refers to ffixu.o(x$fpl$ffixu) for __aeabi_f2uiz
    ad.o(.text) refers to fflt_clz.o(x$fpl$fflt) for __aeabi_i2f
    ad.o(.text) refers to faddsub_clz.o(x$fpl$fsub) for __aeabi_fsub
    ad.o(.text) refers to fmul.o(x$fpl$fmul) for __aeabi_fmul
    ad.o(.text) refers to faddsub_clz.o(x$fpl$fadd) for __aeabi_fadd
    ad.o(.text) refers to ad.o(.data) for i
    led.o(.text) refers to stm32f10x_rcc.o(.text) for RCC_APB2PeriphClockCmd
    led.o(.text) refers to stm32f10x_gpio.o(.text) for GPIO_PinRemapConfig
    main.o(.text) refers to misc.o(.text) for NVIC_PriorityGroupConfig
    main.o(.text) refers to delay.o(.text) for Delay_Init
    main.o(.text) refers to usart.o(.text) for Usart3_Init
    main.o(.text) refers to dht11.o(.text) for DHT11_Init
    main.o(.text) refers to oled.o(.text) for OLED_Init
    main.o(.text) refers to ad.o(.text) for AD_Init
    main.o(.text) refers to led.o(.text) for Device_Init
    main.o(.text) refers to esp8266.o(.text) for ESP8266_Init
    main.o(.text) refers to onenet.o(.text) for OneNet_DevLink
    main.o(.text) refers to onenet.o(.data) for led_manual_mode
    onenet.o(.text) refers to _printf_percent.o(.ARM.Collect$$_printf_percent$$00000000) for _printf_percent
    onenet.o(.text) refers to _printf_d.o(.ARM.Collect$$_printf_percent$$00000009) for _printf_d
    onenet.o(.text) refers to _printf_s.o(.ARM.Collect$$_printf_percent$$00000014) for _printf_s
    onenet.o(.text) refers to _printf_dec.o(.text) for _printf_int_dec
    onenet.o(.text) refers to _printf_str.o(.text) for _printf_str
    onenet.o(.text) refers to _printf_pad.o(.text) for _printf_pre_padding
    onenet.o(.text) refers to strlen.o(.text) for strlen
    onenet.o(.text) refers to strcat.o(.text) for strcat
    onenet.o(.text) refers to rt_memclr_w.o(.text) for __aeabi_memclr4
    onenet.o(.text) refers to base64.o(.text) for BASE64_Decode
[...]
    .bss                                     0x20000040   Section      512  esp8266.o(.bss)
    .bss                                     0x20000240   Section       96  libspace.o(.bss)
    HEAP                                     0x200002a0   Section     3072  startup_stm32f10x_hd.o(HEAP)
    Heap_Mem                                 0x200002a0   Data        3072  startup_stm32f10x_hd.o(HEAP)
    STACK                                    0x20000ea0   Section     3072  startup_stm32f10x_hd.o(STACK)
    Stack_Mem                                0x20000ea0   Data        3072  startup_stm32f10x_hd.o(STACK)
    __initial_sp                             0x20001aa0   Data           0  startup_stm32f10x_hd.o(STACK)

    Global Symbols

    Symbol Name                              Value     Ov Type        Size  Object(Section)

    BuildAttributes$$THM_ISAv4$P$D$K$B$S$PE$A:L22UL41UL21$X:L11$S22US41US21$IEEE1$IW$USESV6$~STKCKD$USESV7$~SHL$OTIME$ROPI$IEEEJ$EBA8$UX$STANDARDLIB$REQ8$PRES8$EABIv2 0x00000000   Number         0  anon$$obj.o ABSOLUTE
    __ARM_use_no_argv                        0x00000000   Number         0  main.o ABSOLUTE
    _printf_flags                            0x00000000   Number         0  printf_stubs.o ABSOLUTE
    _printf_return_value                     0x00000000   Number         0  printf_stubs.o ABSOLUTE
    _printf_sizespec                         0x00000000   Number         0  printf_stubs.o ABSOLUTE
    _printf_widthprec                        0x00000000   Number         0  printf_stubs.o ABSOLUTE
    __ARM_exceptions_init                     - Undefined Weak Reference
    __alloca_initialize                       - Undefined Weak Reference
    __arm_fini_                               - Undefined Weak Reference
    __arm_preinit_                            - Undefined Weak Reference
    __cpp_initialize__aeabi_                  - Undefined Weak Reference
    __cxa_finalize                            - Undefined Weak Reference
    __sigvec_lookup                           - Undefined Weak Reference
    __user_heap_extent                        - Undefined Weak Reference
    _atexit_init                              - Undefined Weak Reference
    _call_atexit_fns                          - Undefined Weak Reference
    _clock_init                               - Undefined Weak Reference
    _fp_trap_init                             - Undefined Weak Reference
    _fp_trap_shutdown                         - Undefined Weak Reference
    _get_lc_collate                           - Undefined Weak Reference
    _get_lc_monetary                          - Undefined Weak Reference
    _get_lc_time                              - Undefined Weak Reference
    _getenv_init                              - Undefined Weak Reference
    _handle_redirection                       - Undefined Weak Reference
    _initio                                   - Undefined Weak Reference
    _mutex_acquire                            - Undefined Weak Reference
    _mutex_free                               - Undefined Weak Reference
    _mutex_release                            - Undefined Weak Reference
    _printf_mbtowc                            - Undefined Weak Reference
    _printf_wc                                - Undefined Weak Reference
    _rand_init                                - Undefined Weak Reference
    _signal_finish                            - Undefined Weak Reference
    _signal_init                              - Undefined Weak Reference
    _terminateio                              - Undefined Weak Reference
    __Vectors_Size                           0x00000130   Number         0  startup_stm32f10x_hd.o ABSOLUTE
    __Vectors                                0x08000000   Data           4  startup_stm32f10x_hd.o(RESET)
    __Vectors_End                            0x08000130   Data           0  startup_stm32f10x_hd.o(RESET)
    __main                                   0x08000131   Thumb Code     8  __main.o(!!!main)
    __scatterload                            0x08000139   Thumb Code     0  __scatter.o(!!!scatter)
    __scatterload_rt2                        0x08000139   Thumb Code    44  __scatter.o(!!!scatter)
    __scatterload_rt2_thumb_only             0x08000139   Thumb Code     0  __scatter.o(!!!scatter)
    __scatterload_null                       0x08000147   Thumb Code     0  __scatter.o(!!!scatter)
    __scatterload_copy                       0x0800016d   Thumb Code    26  __scatter_copy.o(!!handler_copy)
    __scatterload_zeroinit                   0x08000189   Thumb Code    28  __scatter_zi.o(!!handler_zi)
    _printf_n                                0x080001a5   Thumb Code     0  _printf_n.o(.ARM.Collect$$_printf_percent$$00000001)
    _printf_percent                          0x080001a5   Thumb Code     0  _printf_percent.o(.ARM.Collect$$_printf_percent$$00000000)
    _printf_p                                0x080001ab   Thumb Code     0  _printf_p.o(.ARM.Collect$$_printf_percent$$00000002)
    _printf_f                                0x080001b1   Thumb Code     0  _printf_f.o(.ARM.Collect$$_printf_percent$$00000003)
    _printf_e                                0x080001b7   Thumb Code     0  _printf_e.o(.ARM.Collect$$_printf_percent$$00000004)
    _printf_g                                0x080001bd   Thumb Code     0  _printf_g.o(.ARM.Collect$$_printf_percent$$00000005)
    _printf_a                                0x080001c3   Thumb Code     0  _printf_a.o(.ARM.Collect$$_printf_percent$$00000006)
    _printf_ll                               0x080001c9   Thumb Code     0  _printf_ll.o(.ARM.Collect$$_printf_percent$$00000007)
    _printf_i                                0x080001d3   Thumb Code     0  _printf_i.o(.ARM.Collect$$_printf_percent$$00000008)
    _printf_d                                0x080001d9   Thumb Code     0  _printf_d.o(.ARM.Collect$$_printf_percent$$00000009)
    _printf_u                                0x080001df   Thumb Code     0  _printf_u.o(.ARM.Collect$$_printf_percent$$0000000A)
    _printf_o                                0x080001e5   Thumb Code     0  _printf_o.o(.ARM.Collect$$_printf_percent$$0000000B)
    _printf_x                                0x080001eb   Thumb Code     0  _printf_x.o(.ARM.Collect$$_printf_percent$$0000000C)
    _printf_lli                              0x080001f1   Thumb Code     0  _printf_lli.o(.ARM.Collect$$_printf_percent$$0000000D)
    _printf_lld                              0x080001f7   Thumb Code     0  _printf_lld.o(.ARM.Collect$$_printf_percent$$0000000E)
    _printf_llu                              0x080001fd   Thumb Code     0  _printf_llu.o(.ARM.Collect$$_printf_percent$$0000000F)
    _printf_llo                              0x08000203   Thumb Code     0  _printf_llo.o(.ARM.Collect$$_printf_percent$$00000010)
    _printf_llx                              0x08000209   Thumb Code     0  _printf_llx.o(.ARM.Collect$$_printf_percent$$00000011)
    _printf_l                                0x0800020f   Thumb Code     0  _printf_l.o(.ARM.Collect$$_printf_percent$$00000012)
    _printf_c                                0x08000219   Thumb Code     0  _printf_c.o(.ARM.Collect$$_printf_percent$$00000013)
    _printf_s                                0x0800021f   Thumb Code     0  _printf_s.o(.ARM.Collect$$_printf_percent$$00000014)
    _printf_lc                               0x08000225   Thumb Code     0  _printf_lc.o(.ARM.Collect$$_printf_percent$$00000015)
    _printf_ls                               0x0800022b   Thumb Code     0  _printf_ls.o(.ARM.Collect$$_printf_percent$$00000016)
    _printf_percent_end                      0x08000231   Thumb Code     0  _printf_percent_end.o(.ARM.Collect$$_printf_percent$$00000017)
    __rt_lib_init                            0x08000235   Thumb Code     0  libinit.o(.ARM.Collect$$libinit$$00000000)
    __rt_lib_init_fp_1                       0x08000237   Thumb Code     0  libinit2.o(.ARM.Collect$$libinit$$00000002)
    __rt_lib_init_heap_2                     0x08000237   Thumb Code     0  libinit2.o(.ARM.Collect$$libinit$$00000005)
    __rt_lib_init_preinit_1                  0x08000237   Thumb Code     0  libinit2.o(.ARM.Collect$$libinit$$00000004)
    __rt_lib_init_heap_1                     0x0800023f   Thumb Code     0  libinit2.o(.ARM.Collect$$libinit$$0000000A)
    __rt_lib_init_lc_common                  0x0800023f   Thumb Code     0  libinit2.o(.ARM.Collect$$libinit$$0000000F)
    __rt_lib_init_rand_1                     0x0800023f   Thumb Code     0  libinit2.o(.ARM.Collect$$libinit$$0000000E)
    __rt_lib_init_user_alloc_1               0x0800023f   Thumb Code     0  libinit2.o(.ARM.Collect$$libinit$$0000000C)
    __rt_lib_init_lc_collate_1               0x08000245   Thumb Code     0  libinit2.o(.ARM.Collect$$libinit$$00000011)
    __rt_lib_init_lc_ctype_2                 0x08000245   Thumb Code     0  libinit2.o(.ARM.Collect$$libinit$$00000012)
    __rt_lib_init_lc_ctype_1                 0x08000251   Thumb Code     0  libinit2.o(.ARM.Collect$$libinit$$00000013)
    __rt_lib_init_lc_monetary_1              0x08000251   Thumb Code     0  libinit2.o(.ARM.Collect$$libinit$$00000015)
    __rt_lib_init_lc_numeric_2               0x08000251   Thumb Code     0  libinit2.o(.ARM.Collect$$libinit$$00000016)
    __rt_lib_init_alloca_1                   0x0800025b   Thumb Code     0  libinit2.o(.ARM.Collect$$libinit$$0000002E)
    __rt_lib_init_argv_1                     0x0800025b   Thumb Code     0  libinit2.o(.ARM.Collect$$libinit$$0000002C)
    __rt_lib_init_atexit_1                   0x0800025b   Thumb Code     0  libinit2.o(.ARM.Collect$$libinit$$0000001B)
    __rt_lib_init_clock_1                    0x0800025b   Thumb Code     0  libinit2.o(.ARM.Collect$$libinit$$00000021)
    __rt_lib_init_cpp_1                      0x0800025b   Thumb Code     0  libinit2.o(.ARM.Collect$$libinit$$00000032)
    __rt_lib_init_exceptions_1               0x0800025b   Thumb Code     0  libinit2.o(.ARM.Collect$$libinit$$00000030)
    __rt_lib_init_fp_trap_1                  0x0800025b   Thumb Code     0  libinit2.o(.ARM.Collect$$libinit$$0000001F)
    __rt_lib_init_getenv_1                   0x0800025b   Thumb Code     0  libinit2.o(.ARM.Collect$$libinit$$00000023)
    __rt_lib_init_lc_numeric_1               0x0800025b   Thumb Code     0  libinit2.o(.ARM.Collect$$libinit$$00000017)
    __rt_lib_init_lc_time_1                  0x0800025b   Thumb Code     0  libinit2.o(.ARM.Collect$$libinit$$00000019)
    __rt_lib_init_return                     0x0800025b   Thumb Code     0  libinit2.o(.ARM.Collect$$libinit$$00000033)
    __rt_lib_init_signal_1                   0x0800025b   Thumb Code     0  libinit2.o(.ARM.Collect$$libinit$$0000001D)
    __rt_lib_init_stdio_1                    0x0800025b   Thumb Code     0  libinit2.o(.ARM.Collect$$libinit$$00000025)
    __rt_lib_shutdown                        0x0800025d   Thumb Code     0  libshutdown.o(.ARM.Collect$$libshutdown$$00000000)
    __rt_lib_shutdown_cpp_1                  0x0800025f   Thumb Code     0  libshutdown2.o(.ARM.Collect$$libshutdown$$00000004)
    __rt_lib_shutdown_fini_1                 0x0800025f   Thumb Code     0  libshutdown2.o(.ARM.Collect$$libshutdown$$00000002)
    __rt_lib_shutdown_fp_trap_1              0x0800025f   Thumb Code     0  libshutdown2.o(.ARM.Collect$$libshutdown$$00000009)
    __rt_lib_shutdown_heap_1                 0x0800025f   Thumb Code     0  libshutdown2.o(.ARM.Collect$$libshutdown$$00000011)
    __rt_lib_shutdown_return                 0x0800025f   Thumb Code     0  libshutdown2.o(.ARM.Collect$$libshutdown$$00000012)
    __rt_lib_shutdown_signal_1               0x0800025f   Thumb Code     0  libshutdown2.o(.ARM.Collect$$libshutdown$$0000000C)
    __rt_lib_shutdown_stdio_1                0x0800025f   Thumb Code     0  libshutdown2.o(.ARM.Collect$$libshutdown$$00000006)
    __rt_lib_shutdown_user_alloc_1           0x0800025f   Thumb Code     0  libshutdown2.o(.ARM.Collect$$libshutdown$$0000000E)
    __rt_entry                               0x08000261   Thumb Code     0  __rtentry.o(.ARM.Collect$$rtentry$$00000000)
    __rt_entry_presh_1                       0x08000261   Thumb Code     0  __rtentry2.o(.ARM.Collect$$rtentry$$00000002)
    __rt_entry_sh                            0x08000261   Thumb Code     0  __rtentry4.o(.ARM.Collect$$rtentry$$00000004)
    __rt_entry_li                            0x08000267   Thumb Code     0  __rtentry2.o(.ARM.Collect$$rtentry$$0000000A)
    __rt_entry_postsh_1                      0x08000267   Thumb Code     0  __rtentry2.o(.ARM.Collect$$rtentry$$00000009)
    __rt_entry_main                          0x0800026b   Thumb Code     0  __rtentry2.o(.ARM.Collect$$rtentry$$0000000D)
    __rt_entry_postli_1                      0x0800026b   Thumb Code     0  __rtentry2.o(.ARM.Collect$$rtentry$$0000000C)
    __rt_exit                                0x08000273   Thumb Code     0  rtexit.o(.ARM.Collect$$rtexit$$00000000)
    __rt_exit_ls                             0x08000275   Thumb Code     0  rtexit2.o(.ARM.Collect$$rtexit$$00000003)
    __rt_exit_prels_1                        0x08000275   Thumb Code     0  rtexit2.o(.ARM.Collect$$rtexit$$00000002)
    __rt_exit_exit                           0x08000279   Thumb Code     0  rtexit2.o(.ARM.Collect$$rtexit$$00000004)
    NMI_Handler                              0x08000281   Thumb Code     2  stm32f10x_it.o(.text)
    _maybe_terminate_alloc                   0x08000281   Thumb Code     0  maybetermalloc1.o(.emb_text)
    HardFault_Handler                        0x08000283   Thumb Code     4  stm32f10x_it.o(.text)
    MemManage_Handler                        0x08000287   Thumb Code     4  stm32f10x_it.o(.text)
    BusFault_Handler                         0x0800028b   Thumb Code     4  stm32f10x_it.o(.text)
    UsageFault_Handler                       0x0800028f   Thumb Code     4  stm32f10x_it.o(.text)
    SVC_Handler                              0x08000293   Thumb Code     2  stm32f10x_it.o(.text)
    DebugMon_Handler                         0x08000295   Thumb Code     2  stm32f10x_it.o(.text)
    SysTick_Handler                          0x08000297   Thumb Code     2  stm32f10x_it.o(.text)
    EXTI0_IRQHandler                         0x08000299   Thumb Code     2  stm32f10x_it.o(.text)
    RTC_IRQHandler                           0x0800029b   Thumb Code     2  stm32f10x_it.o(.text)
    SystemInit                               0x0800037b   Thumb Code    78  system_stm32f10x.o(.text)
    SystemCoreClockUpdate                    0x080003c9   Thumb Code   142  system_stm32f10x.o(.text)
    Reset_Handler                            0x0800047d   Thumb Code     8  startup_stm32f10x_hd.o(.text)
    PendSV_Handler                           0x08000493   Thumb Code     2  startup_stm32f10x_hd.o(.text)
    ADC1_2_IRQHandler                        0x08000497   Thumb Code     0  startup_stm32f10x_hd.o(.text)
    ADC3_IRQHandler                          0x08000497   Thumb Code     0  startup_stm32f10x_hd.o(.text)
    CAN1_RX1_IRQHandler                      0x08000497   Thumb Code     0  startup_stm32f10x_hd.o(.text)
    CAN1_SCE_IRQHandler                      0x08000497   Thumb Code     0  startup_stm32f10x_hd.o(.text)
    DMA1_Channel1_IRQHandler                 0x08000497   Thumb Code     0  startup_stm32f10x_hd.o(.text)
    DMA1_Channel2_IRQHandler                 0x08000497   Thumb Code     0  startup_stm32f10x_hd.o(.text)
    DMA1_Channel3_IRQHandler                 0x08000497   Thumb Code     0  startup_stm32f10x_hd.o(.text)
    DMA1_Channel4_IRQHandler                 0x08000497   Thumb Code     0  startup_stm32f10x_hd.o(.text)
    DMA1_Channel5_IRQHandler                 0x08000497   Thumb Code     0  startup_stm32f10x_hd.o(.text)
    DMA1_Channel6_IRQHandler                 0x08000497   Thumb Code     0  startup_stm32f10x_hd.o(.text)
    DMA1_Channel7_IRQHandler                 0x08000497   Thumb Code     0  startup_stm32f10x_hd.o(.text)
    DMA2_Channel1_IRQHandler                 0x08000497   Thumb Code     0  startup_stm32f10x_hd.o(.text)
    DMA2_Channel2_IRQHandler                 0x08000497   Thumb Code     0  startup_stm32f10x_hd.o(.text)
    DMA2_Channel3_IRQHandler                 0x08000497   Thumb Code     0  startup_stm32f10x_hd.o(.text)
    DMA2_Channel4_5_IRQHandler               0x08000497   Thumb Code     0  startup_stm32f10x_hd.o(.text)
    EXTI15_10_IRQHandler                     0x08000497   Thumb Code     0  startup_stm32f10x_hd.o(.text)
    EXTI1_IRQHandler                         0x08000497   Thumb Code     0  startup_stm32f10x_hd.o(.text)
    EXTI2_IRQHandler                         0x08000497   Thumb Code     0  startup_stm32f10x_hd.o(.text)
    EXTI3_IRQHandler                         0x08000497   Thumb Code     0  startup_stm32f10x_hd.o(.text)
    EXTI4_IRQHandler                         0x08000497   Thumb Code     0  startup_stm32f10x_hd.o(.text)
    EXTI9_5_IRQHandler                       0x08000497   Thumb Code     0  startup_stm32f10x_hd.o(.text)
    FLASH_IRQHandler                         0x08000497   Thumb Code     0  startup_stm32f10x_hd.o(.text)
    FSMC_IRQHandler                          0x08000497   Thumb Code     0  startup_stm32f10x_hd.o(.text)
    I2C1_ER_IRQHandler                       0x08000497   Thumb Code     0  startup_stm32f10x_hd.o(.text)
    I2C1_EV_IRQHandler                       0x08000497   Thumb Code     0  startup_stm32f10x_hd.o(.text)
    I2C2_ER_IRQHandler                       0x08000497   Thumb Code     0  startup_stm32f10x_hd.o(.text)
    I2C2_EV_IRQHandler                       0x08000497   Thumb Code     0  startup_stm32f10x_hd.o(.text)
    PVD_IRQHandler                           0x08000497   Thumb Code     0  startup_stm32f10x_hd.o(.text)
    RCC_IRQHandler                           0x08000497   Thumb Code     0  startup_stm32f10x_hd.o(.text)
    RTCAlarm_IRQHandler                      0x08000497   Thumb Code     0  startup_stm32f10x_hd.o(.text)
    SDIO_IRQHandler                          0x08000497   Thumb Code     0  startup_stm32f10x_hd.o(.text)
    SPI1_IRQHandler                          0x08000497   Thumb Code     0  startup_stm32f10x_hd.o(.text)
    SPI2_IRQHandler                          0x08000497   Thumb Code     0  startup_stm32f10x_hd.o(.text)
    SPI3_IRQHandler                          0x08000497   Thumb Code     0  startup_stm32f10x_hd.o(.text)
    TAMPER_IRQHandler                        0x08000497   Thumb Code     0  startup_stm32f10x_hd.o(.text)
    TIM1_BRK_IRQHandler                      0x08000497   Thumb Code     0  startup_stm32f10x_hd.o(.text)
    TIM1_CC_IRQHandler                       0x08000497   Thumb Code     0  startup_stm32f10x_hd.o(.text)
    TIM1_TRG_COM_IRQHandler                  0x08000497   Thumb Code     0  startup_stm32f10x_hd.o(.text)
    TIM1_UP_IRQHandler                       0x08000497   Thumb Code     0  startup_stm32f10x_hd.o(.text)
    TIM2_IRQHandler                          0x08000497   Thumb Code     0  startup_stm32f10x_hd.o(.text)
    TIM3_IRQHandler                          0x08000497   Thumb Code     0  startup_stm32f10x_hd.o(.text)
    TIM4_IRQHandler                          0x08000497   Thumb Code     0  startup_stm32f10x_hd.o(.text)
    TIM5_IRQHandler                          0x08000497   Thumb Code     0  startup_stm32f10x_hd.o(.text)
    TIM6_IRQHandler                          0x08000497   Thumb Code     0  startup_stm32f10x_hd.o(.text)
    TIM7_IRQHandler                          0x08000497   Thumb Code     0  startup_stm32f10x_hd.o(.text)
    TIM8_BRK_IRQHandler                      0x08000497   Thumb Code     0  startup_stm32f10x_hd.o(.text)
    TIM8_CC_IRQHandler                       0x08000497   Thumb Code     0  startup_stm32f10x_hd.o(.text)
    TIM8_TRG_COM_IRQHandler                  0x08000497   Thumb Code     0  startup_stm32f10x_hd.o(.text)
    TIM8_UP_IRQHandler                       0x08000497   Thumb Code     0  startup_stm32f10x_hd.o(.text)
    UART4_IRQHandler                         0x08000497   Thumb Code     0  startup_stm32f10x_hd.o(.text)
    UART5_IRQHandler                         0x08000497   Thumb Code     0  startup_stm32f10x_hd.o(.text)
    USART1_IRQHandler                        0x08000497   Thumb Code     0  startup_stm32f10x_hd.o(.text)
    USART2_IRQHandler                        0x08000497   Thumb Code     0  startup_stm32f10x_hd.o(.text)
    USBWakeUp_IRQHandler                     0x08000497   Thumb Code     0  startup_stm32f10x_hd.o(.text)
    USB_HP_CAN1_TX_IRQHandler                0x08000497   Thumb Code     0  startup_stm32f10x_hd.o(.text)
    USB_LP_CAN1_RX0_IRQHandler               0x08000497   Thumb Code     0  startup_stm32f10x_hd.o(.text)
    WWDG_IRQHandler                          0x08000497   Thumb Code     0  startup_stm32f10x_hd.o(.text)
    __user_initial_stackheap                 0x08000499   Thumb Code     0  startup_stm32f10x_hd.o(.text)
    NVIC_PriorityGroupConfig                 0x080004bd   Thumb Code    10  misc.o(.text)
    NVIC_Init                                0x080004c7   Thumb Code   100  misc.o(.text)
    NVIC_SetVectorTable                      0x0800052b   Thumb Code    14  misc.o(.text)
    NVIC_SystemLPConfig                      0x08000539   Thumb Code    34  misc.o(.text)
    SysTick_CLKSourceConfig                  0x0800055b   Thumb Code    40  misc.o(.text)
    GPIO_DeInit                              0x08000599   Thumb Code   172  stm32f10x_gpio.o(.text)
    GPIO_AFIODeInit                          0x08000645   Thumb Code    20  stm32f10x_gpio.o(.text)
    GPIO_Init                                0x08000659   Thumb Code   278  stm32f10x_gpio.o(.text)
    GPIO_StructInit                          0x0800076f   Thumb Code    16  stm32f10x_gpio.o(.text)
    GPIO_ReadInputDataBit                    0x0800077f   Thumb Code    18  stm32f10x_gpio.o(.text)
    GPIO_ReadInputData                       0x08000791   Thumb Code     8  stm32f10x_gpio.o(.text)
    GPIO_ReadOutputDataBit                   0x08000799   Thumb Code    18  stm32f10x_gpio.o(.text)
    GPIO_ReadOutputData                      0x080007ab   Thumb Code     8  stm32f10x_gpio.o(.text)
    GPIO_SetBits                             0x080007b3   Thumb Code     4  stm32f10x_gpio.o(.text)
    GPIO_ResetBits                           0x080007b7   Thumb Code     4  stm32f10x_gpio.o(.text)
    GPIO_WriteBit                            0x080007bb   Thumb Code    10  stm32f10x_gpio.o(.text)
    GPIO_Write                               0x080007c5   Thumb Code     4  stm32f10x_gpio.o(.text)
    GPIO_PinLockConfig                       0x080007c9   Thumb Code    18  stm32f10x_gpio.o(.text)
    GPIO_EventOutputConfig                   0x080007db   Thumb Code    26  stm32f10x_gpio.o(.text)
    GPIO_EventOutputCmd                      0x080007f5   Thumb Code     6  stm32f10x_gpio.o(.text)
    GPIO_PinRemapConfig                      0x080007fb   Thumb Code   138  stm32f10x_gpio.o(.text)
    GPIO_EXTILineConfig                      0x08000885   Thumb Code    66  stm32f10x_gpio.o(.text)
    GPIO_ETH_MediaInterfaceConfig            0x080008c7   Thumb Code     8  stm32f10x_gpio.o(.text)
    RCC_DeInit                               0x080008f5   Thumb Code    64  stm32f10x_rcc.o(.text)
    RCC_HSEConfig                            0x08000935   Thumb Code    70  stm32f10x_rcc.o(.text)
    RCC_GetFlagStatus                        0x0800097b   Thumb Code    56  stm32f10x_rcc.o(.text)
    RCC_WaitForHSEStartUp                    0x080009b3   Thumb Code    56  stm32f10x_rcc.o(.text)
    RCC_AdjustHSICalibrationValue            0x080009eb   Thumb Code    20  stm32f10x_rcc.o(.text)
    RCC_HSICmd                               0x080009ff   Thumb Code     6  stm32f10x_rcc.o(.text)
    RCC_PLLConfig                            0x08000a05   Thumb Code    24  stm32f10x_rcc.o(.text)
    RCC_PLLCmd                               0x08000a1d   Thumb Code     6  stm32f10x_rcc.o(.text)
    RCC_SYSCLKConfig                         0x08000a23   Thumb Code    18  stm32f10x_rcc.o(.text)
    RCC_GetSYSCLKSource                      0x08000a35   Thumb Code    10  stm32f10x_rcc.o(.text)
    RCC_HCLKConfig                           0x08000a3f   Thumb Code    18  stm32f10x_rcc.o(.text)
    RCC_PCLK1Config                          0x08000a51   Thumb Code    18  stm32f10x_rcc.o(.text)
    RCC_PCLK2Config                          0x08000a63   Thumb Code    20  stm32f10x_rcc.o(.text)
    RCC_ITConfig                             0x08000a77   Thumb Code    26  stm32f10x_rcc.o(.text)
    RCC_USBCLKConfig                         0x08000a91   Thumb Code     8  stm32f10x_rcc.o(.text)
    RCC_ADCCLKConfig                         0x08000a99   Thumb Code    18  stm32f10x_rcc.o(.text)
    RCC_LSEConfig                            0x08000aab   Thumb Code    50  stm32f10x_rcc.o(.text)
    RCC_LSICmd                               0x08000add   Thumb Code     6  stm32f10x_rcc.o(.text)
    RCC_RTCCLKConfig                         0x08000ae3   Thumb Code    12  stm32f10x_rcc.o(.text)
    RCC_RTCCLKCmd                            0x08000aef   Thumb Code     8  stm32f10x_rcc.o(.text)
    RCC_GetClocksFreq                        0x08000af7   Thumb Code   192  stm32f10x_rcc.o(.text)
    RCC_AHBPeriphClockCmd                    0x08000bb7   Thumb Code    26  stm32f10x_rcc.o(.text)
    RCC_APB2PeriphClockCmd                   0x08000bd1   Thumb Code    26  stm32f10x_rcc.o(.text)
    RCC_APB1PeriphClockCmd                   0x08000beb   Thumb Code    26  stm32f10x_rcc.o(.text)
    RCC_APB2PeriphResetCmd                   0x08000c05   Thumb Code    26  stm32f10x_rcc.o(.text)
    RCC_APB1PeriphResetCmd                   0x08000c1f   Thumb Code    26  stm32f10x_rcc.o(.text)
    RCC_BackupResetCmd                       0x08000c39   Thumb Code     8  stm32f10x_rcc.o(.text)
    RCC_ClockSecuritySystemCmd               0x08000c41   Thumb Code     6  stm32f10x_rcc.o(.text)
    RCC_MCOConfig                            0x08000c47   Thumb Code     6  stm32f10x_rcc.o(.text)
    RCC_ClearFlag                            0x08000c4d   Thumb Code    14  stm32f10x_rcc.o(.text)
    RCC_GetITStatus                          0x08000c5b   Thumb Code    20  stm32f10x_rcc.o(.text)
    RCC_ClearITPendingBit                    0x08000c6f   Thumb Code     6  stm32f10x_rcc.o(.text)
    USART_DeInit                             0x08000c99   Thumb Code   134  stm32f10x_usart.o(.text)
    USART_Init                               0x08000d1f   Thumb Code   210  stm32f10x_usart.o(.text)
    USART_StructInit                         0x08000df1   Thumb Code    24  stm32f10x_usart.o(.text)
    USART_ClockInit                          0x08000e09   Thumb Code    34  stm32f10x_usart.o(.text)
    USART_ClockStructInit                    0x08000e2b   Thumb Code    12  stm32f10x_usart.o(.text)
    USART_Cmd                                0x08000e37   Thumb Code    24  stm32f10x_usart.o(.text)
    USART_ITConfig                           0x08000e4f   Thumb Code    74  stm32f10x_usart.o(.text)
    USART_DMACmd                             0x08000e99   Thumb Code    18  stm32f10x_usart.o(.text)
    USART_SetAddress                         0x08000eab   Thumb Code    18  stm32f10x_usart.o(.text)
    USART_WakeUpConfig                       0x08000ebd   Thumb Code    18  stm32f10x_usart.o(.text)
    USART_ReceiverWakeUpCmd                  0x08000ecf   Thumb Code    24  stm32f10x_usart.o(.text)
    USART_LINBreakDetectLengthConfig         0x08000ee7   Thumb Code    18  stm32f10x_usart.o(.text)
    USART_LINCmd                             0x08000ef9   Thumb Code    24  stm32f10x_usart.o(.text)
    USART_SendData                           0x08000f11   Thumb Code     8  stm32f10x_usart.o(.text)
    USART_ReceiveData                        0x08000f19   Thumb Code    10  stm32f10x_usart.o(.text)
    USART_SendBreak                          0x08000f23   Thumb Code    10  stm32f10x_usart.o(.text)
    USART_SetGuardTime                       0x08000f2d   Thumb Code    16  stm32f10x_usart.o(.text)
    USART_SetPrescaler                       0x08000f3d   Thumb Code    16  stm32f10x_usart.o(.text)
    USART_SmartCardCmd                       0x08000f4d   Thumb Code    24  stm32f10x_usart.o(.text)
    USART_SmartCardNACKCmd                   0x08000f65   Thumb Code    24  stm32f10x_usart.o(.text)
    USART_HalfDuplexCmd                      0x08000f7d   Thumb Code    24  stm32f10x_usart.o(.text)
    USART_OverSampling8Cmd                   0x08000f95   Thumb Code    22  stm32f10x_usart.o(.text)
    USART_OneBitMethodCmd                    0x08000fab   Thumb Code    24  stm32f10x_usart.o(.text)
    USART_IrDAConfig                         0x08000fc3   Thumb Code    18  stm32f10x_usart.o(.text)
    USART_IrDACmd                            0x08000fd5   Thumb Code    24  stm32f10x_usart.o(.text)
    USART_GetFlagStatus                      0x08000fed   Thumb Code    26  stm32f10x_usart.o(.text)
    USART_ClearFlag                          0x08001007   Thumb Code    18  stm32f10x_usart.o(.text)
    USART_GetITStatus                        0x08001019   Thumb Code    84  stm32f10x_usart.o(.text)
    USART_ClearITPendingBit                  0x0800106d   Thumb Code    52  stm32f10x_usart.o(.text)
    ADC_DeInit                               0x080010a1   Thumb Code    78  stm32f10x_adc.o(.text)
    ADC_Init                                 0x080010ef   Thumb Code    70  stm32f10x_adc.o(.text)
    ADC_StructInit                           0x08001135   Thumb Code    18  stm32f10x_adc.o(.text)
    ADC_Cmd                                  0x08001147   Thumb Code    22  stm32f10x_adc.o(.text)
    ADC_DMACmd                               0x0800115d   Thumb Code    22  stm32f10x_adc.o(.text)
    ADC_ITConfig                             0x08001173   Thumb Code    24  stm32f10x_adc.o(.text)
    ADC_ResetCalibration                     0x0800118b   Thumb Code    10  stm32f10x_adc.o(.text)
    ADC_GetResetCalibrationStatus            0x08001195   Thumb Code    20  stm32f10x_adc.o(.text)
    ADC_StartCalibration                     0x080011a9   Thumb Code    10  stm32f10x_adc.o(.text)
    ADC_GetCalibrationStatus                 0x080011b3   Thumb Code    20  stm32f10x_adc.o(.text)
    ADC_SoftwareStartConvCmd                 0x080011c7   Thumb Code    22  stm32f10x_adc.o(.text)
    ADC_GetSoftwareStartConvStatus           0x080011dd   Thumb Code    20  stm32f10x_adc.o(.text)
    ADC_DiscModeChannelCountConfig           0x080011f1   Thumb Code    24  stm32f10x_adc.o(.text)
    ADC_DiscModeCmd                          0x08001209   Thumb Code    22  stm32f10x_adc.o(.text)
    ADC_RegularChannelConfig                 0x0800121f   Thumb Code   184  stm32f10x_adc.o(.text)
    ADC_ExternalTrigConvCmd                  0x080012d7   Thumb Code    22  stm32f10x_adc.o(.text)
    ADC_GetConversionValue                   0x080012ed   Thumb Code     8  stm32f10x_adc.o(.text)
    ADC_GetDualModeConversionValue           0x080012f5   Thumb Code     8  stm32f10x_adc.o(.text)
    ADC_AutoInjectedConvCmd                  0x080012fd   Thumb Code    22  stm32f10x_adc.o(.text)
    ADC_InjectedDiscModeCmd                  0x08001313   Thumb Code    22  stm32f10x_adc.o(.text)
    ADC_ExternalTrigInjectedConvConfig       0x08001329   Thumb Code    16  stm32f10x_adc.o(.text)
    ADC_ExternalTrigInjectedConvCmd          0x08001339   Thumb Code    22  stm32f10x_adc.o(.text)
    ADC_SoftwareStartInjectedConvCmd         0x0800134f   Thumb Code    22  stm32f10x_adc.o(.text)
    ADC_GetSoftwareStartInjectedConvCmdStatus 0x08001365   Thumb Code    20  stm32f10x_adc.o(.text)
    ADC_InjectedChannelConfig                0x08001379   Thumb Code   130  stm32f10x_adc.o(.text)
    ADC_InjectedSequencerLengthConfig        0x080013fb   Thumb Code    24  stm32f10x_adc.o(.text)
    ADC_SetInjectedOffset                    0x08001413   Thumb Code    20  stm32f10x_adc.o(.text)
    ADC_GetInjectedConversionValue           0x08001427   Thumb Code    28  stm32f10x_adc.o(.text)
    ADC_AnalogWatchdogCmd                    0x08001443   Thumb Code    16  stm32f10x_adc.o(.text)
    ADC_AnalogWatchdogThresholdsConfig       0x08001453   Thumb Code     6  stm32f10x_adc.o(.text)
    ADC_AnalogWatchdogSingleChannelConfig    0x08001459   Thumb Code    16  stm32f10x_adc.o(.text)
    ADC_TempSensorVrefintCmd                 0x08001469   Thumb Code    64  stm32f10x_adc.o(.text)
    ADC_GetFlagStatus                        0x080014a9   Thumb Code    18  stm32f10x_adc.o(.text)
    ADC_ClearFlag                            0x080014bb   Thumb Code     6  stm32f10x_adc.o(.text)
    ADC_GetITStatus                          0x080014c1   Thumb Code    36  stm32f10x_adc.o(.text)
    ADC_ClearITPendingBit                    0x080014e5   Thumb Code    10  stm32f10x_adc.o(.text)
    Delay_Init                               0x080014f1   Thumb Code    48  delay.o(.text)
    delay_us                                 0x08001521   Thumb Code    60  delay.o(.text)
    delay_ms                                 0x0800155d   Thumb Code    66  delay.o(.text)
    Usart3_Init                              0x080015a9   Thumb Code   158  usart.o(.text)
    Usart_SendString                         0x08001647   Thumb Code    50  usart.o(.text)
    UsartPrintf                              0x08001679   Thumb Code    72  usart.o(.text)
    DHT11_Rst                                0x080016c9   Thumb Code    52  dht11.o(.text)
    DHT11_Check                              0x080016fd   Thumb Code    96  dht11.o(.text)
    DHT11_Read_Bit                           0x0800175d   Thumb Code    76  dht11.o(.text)
    DHT11_Read_Byte                          0x080017a9   Thumb Code    30  dht11.o(.text)
    DHT11_Read_Data                          0x080017c7   Thumb Code    88  dht11.o(.text)
    DHT11_Init                               0x0800181f   Thumb Code    62  dht11.o(.text)
    OLED_I2C_Init                            0x08001869   Thumb Code    76  oled.o(.text)
    OLED_I2C_Start                           0x080018b5   Thumb Code    48  oled.o(.text)
    OLED_I2C_Stop                            0x080018e5   Thumb Code    36  oled.o(.text)
    OLED_I2C_SendByte                        0x08001909   Thumb Code    80  oled.o(.text)
    OLED_WriteCommand                        0x08001959   Thumb Code    32  oled.o(.text)
    OLED_WriteData                           0x08001979   Thumb Code    32  oled.o(.text)
    OLED_SetCursor                           0x08001999   Thumb Code    34  oled.o(.text)
    OLED_Clear                               0x080019bb   Thumb Code    42  oled.o(.text)
    OLED_ShowChar                            0x080019e5   Thumb Code   110  oled.o(.text)
    OLED_ShowString                          0x08001a53   Thumb Code    40  oled.o(.text)
    OLED_Pow                                 0x08001a7b   Thumb Code    20  oled.o(.text)
    OLED_ShowNum                             0x08001a8f   Thumb Code    68  oled.o(.text)
    OLED_ShowSignedNum                       0x08001ad3   Thumb Code   102  oled.o(.text)
    OLED_ShowHexNum                          0x08001b39   Thumb Code    84  oled.o(.text)
    OLED_ShowBinNum                          0x08001b8d   Thumb Code    62  oled.o(.text)
    OLED_Init                                0x08001bcb   Thumb Code   182  oled.o(.text)
    AD_Init                                  0x08001c81   Thumb Code   138  ad.o(.text)
    AD_GetValue                              0x08001d0b   Thumb Code    46  ad.o(.text)
    GetLight                                 0x08001d39   Thumb Code   100  ad.o(.text)
    GetHumidity                              0x08001d9d   Thumb Code   112  ad.o(.text)
    MQ135_GetData_PPM                        0x08001e0d   Thumb Code   162  ad.o(.text)
    Device_Init                              0x08001ed9   Thumb Code   128  led.o(.text)
    LED_Set                                  0x08001f59   Thumb Code    26  led.o(.text)
    Buzzer_Set                               0x08001f73   Thumb Code    26  led.o(.text)
    Motor_Set                                0x08001f8d   Thumb Code    30  led.o(.text)
    Fan_Set                                  0x08001fab   Thumb Code    30  led.o(.text)
    EMC_CalculateGrainHumi                   0x08001fd5   Thumb Code    54  main.o(.text)
    Hardware_Init                            0x0800200b   Thumb Code    40  main.o(.text)
    main                                     0x08002033   Thumb Code   384  main.o(.text)
    OneNet_DevLink                           0x0800244f   Thumb Code   156  onenet.o(.text)
    OneNet_FillBuf                           0x080024eb   Thumb Code   224  onenet.o(.text)
    OneNet_SendData                          0x080025cb   Thumb Code   130  onenet.o(.text)
    OneNET_Publish                           0x0800264d   Thumb Code   480  onenet.o(.text)
    OneNET_Subscribe                         0x0800282d   Thumb Code    76  onenet.o(.text)
    OneNet_RevPro                            0x08002879   Thumb Code   406  onenet.o(.text)
    ft                                       0x08002a75   Thumb Code    76  hmac_sha1.o(.text)
    k                                        0x08002ac1   Thumb Code    34  hmac_sha1.o(.text)
    rotr                                     0x08002ae3   Thumb Code    40  hmac_sha1.o(.text)
    rotl                                     0x08002b0b   Thumb Code    46  hmac_sha1.o(.text)
    sha1                                     0x08002b39   Thumb Code   632  hmac_sha1.o(.text)
    hmac_sha1                                0x08002db1   Thumb Code   360  hmac_sha1.o(.text)
    BASE64_Encode                            0x08002f19   Thumb Code   320  base64.o(.text)
    BASE64_Decode                            0x08003059   Thumb Code   360  base64.o(.text)
    MQTT_NewBuffer                           0x080031c9   Thumb Code    88  mqttkit.o(.text)
    MQTT_DeleteBuffer                        0x08003221   Thumb Code    28  mqttkit.o(.text)
    MQTT_DumpLength                          0x0800323d   Thumb Code    46  mqttkit.o(.text)
    MQTT_ReadLength                          0x0800326b   Thumb Code    70  mqttkit.o(.text)
    MQTT_UnPacketRecv                        0x080032b1   Thumb Code   106  mqttkit.o(.text)
    MQTT_PacketConnect                       0x0800331b   Thumb Code   666  mqttkit.o(.text)
    MQTT_PacketDisConnect                    0x080035b5   Thumb Code    48  mqttkit.o(.text)
    MQTT_UnPacketConnectAck                  0x080035e5   Thumb Code    30  mqttkit.o(.text)
    MQTT_PacketPublish                       0x08003603   Thumb Code   452  mqttkit.o(.text)
    MQTT_PacketSaveData                      0x080037c7   Thumb Code    68  mqttkit.o(.text)
    MQTT_PacketSaveBinData                   0x0800380b   Thumb Code   192  mqttkit.o(.text)
    MQTT_UnPacketCmd                         0x080038cb   Thumb Code   140  mqttkit.o(.text)
    MQTT_PacketCmdResp                       0x08003957   Thumb Code   132  mqttkit.o(.text)
    MQTT_PacketSubscribe                     0x080039db   Thumb Code   254  mqttkit.o(.text)
    MQTT_UnPacketSubscribe                   0x08003ad9   Thumb Code    52  mqttkit.o(.text)
    MQTT_PacketUnSubscribe                   0x08003b0d   Thumb Code   324  mqttkit.o(.text)
    MQTT_UnPacketUnSubscribe                 0x08003c51   Thumb Code    18  mqttkit.o(.text)
    MQTT_UnPacketPublish                     0x08003c63   Thumb Code   440  mqttkit.o(.text)
    MQTT_PacketPublishAck                    0x08003e1b   Thumb Code    72  mqttkit.o(.text)
    MQTT_UnPacketPublishAck                  0x08003e63   Thumb Code    30  mqttkit.o(.text)
    MQTT_PacketPublishRec                    0x08003e81   Thumb Code    72  mqttkit.o(.text)
    MQTT_UnPacketPublishRec                  0x08003ec9   Thumb Code    30  mqttkit.o(.text)
    MQTT_PacketPublishRel                    0x08003ee7   Thumb Code    72  mqttkit.o(.text)
    MQTT_UnPacketPublishRel                  0x08003f2f   Thumb Code    36  mqttkit.o(.text)
    MQTT_PacketPublishComp                   0x08003f53   Thumb Code    72  mqttkit.o(.text)
    MQTT_UnPacketPublishComp                 0x08003f9b   Thumb Code    30  mqttkit.o(.text)
    MQTT_PacketPing                          0x08003fb9   Thumb Code    48  mqttkit.o(.text)
    ESP8266_Clear                            0x08003fe9   Thumb Code    20  esp8266.o(.text)
    ESP8266_WaitRecive                       0x08003ffd   Thumb Code    42  esp8266.o(.text)
    ESP8266_SendCmd                          0x08004027   Thumb Code    76  esp8266.o(.text)
    ESP8266_SendData                         0x08004073   Thumb Code    46  esp8266.o(.text)
    ESP8266_GetIPD                           0x080040a1   Thumb Code    68  esp8266.o(.text)
    ESP8266_Init                             0x080040e5   Thumb Code   164  esp8266.o(.text)
    USART3_IRQHandler                        0x08004189   Thumb Code    64  esp8266.o(.text)
    malloc                                   0x0800424d   Thumb Code    94  h1_alloc.o(.text)
    free                                     0x080042ab   Thumb Code    78  h1_free.o(.text)
    vsnprintf                                0x080042f9   Thumb Code    48  vsnprintf.o(.text)
    __2sprintf                               0x0800432d   Thumb Code    38  __2sprintf.o(.text)
    __2snprintf                              0x08004359   Thumb Code    50  __2snprintf.o(.text)
    _printf_pre_padding                      0x08004391   Thumb Code    44  _printf_pad.o(.text)
    _printf_post_padding                     0x080043bd   Thumb Code    34  _printf_pad.o(.text)
    _printf_str                              0x080043df   Thumb Code    82  _printf_str.o(.text)
    _printf_int_dec                          0x08004431   Thumb Code   104  _printf_dec.o(.text)
    __printf                                 0x080044a9   Thumb Code   388  __printf_flags_ss_wp.o(.text)
    atoi                                     0x08004631   Thumb Code    26  atoi.o(.text)
    strchr                                   0x0800464b   Thumb Code    20  strchr.o(.text)
    strncat                                  0x0800465f   Thumb Code    36  strncat.o(.text)
    strstr                                   0x08004683   Thumb Code    36  strstr.o(.text)
    strcpy                                   0x080046a7   Thumb Code    72  strcpy.o(.text)
    strlen                                   0x080046ef   Thumb Code    62  strlen.o(.text)
    strcat                                   0x0800472d   Thumb Code    24  strcat.o(.text)
    __aeabi_memcpy                           0x08004745   Thumb Code     0  rt_memcpy_v6.o(.text)
    __rt_memcpy                              0x08004745   Thumb Code   138  rt_memcpy_v6.o(.text)
    _memcpy_lastbytes                        0x080047ab   Thumb Code     0  rt_memcpy_v6.o(.text)
    __aeabi_memclr                           0x080047cf   Thumb Code     0  rt_memclr.o(.text)
    __rt_memclr                              0x080047cf   Thumb Code    68  rt_memclr.o(.text)
    _memset                                  0x080047d3   Thumb Code     0  rt_memclr.o(.text)
    __aeabi_memclr4                          0x08004813   Thumb Code     0  rt_memclr_w.o(.text)
    __aeabi_memclr8                          0x08004813   Thumb Code     0  rt_memclr_w.o(.text)
    __rt_memclr_w                            0x08004813   Thumb Code    78  rt_memclr_w.o(.text)
    _memset_w                                0x08004817   Thumb Code     0  rt_memclr_w.o(.text)
    __use_two_region_memory                  0x08004861   Thumb Code     2  heapauxi.o(.text)
    __rt_heap_escrow                         0x08004863   Thumb Code     2  heapauxi.o(.text)
    __rt_heap_expand                         0x08004865   Thumb Code     2  heapauxi.o(.text)
    __rt_heap_descriptor                     0x08004869   Thumb Code     8  rt_heap_descriptor_intlibspace.o(.text)
    __aeabi_errno_addr                       0x08004871   Thumb Code     8  rt_errno_addr_intlibspace.o(.text)
    __errno$intlibspace                      0x08004871   Thumb Code     0  rt_errno_addr_intlibspace.o(.text)
    __rt_errno_addr$intlibspace              0x08004871   Thumb Code     0  rt_errno_addr_intlibspace.o(.text)
    __use_no_heap                            0x08004879   Thumb Code     2  hguard.o(.text)
    __heap$guard                             0x0800487b   Thumb Code     2  hguard.o(.text)
    _terminate_user_alloc                    0x0800487d   Thumb Code     2  init_alloc.o(.text)
    _init_user_alloc                         0x0800487f   Thumb Code     2  init_alloc.o(.text)
    __Heap_Full                              0x08004881   Thumb Code    34  init_alloc.o(.text)
    __Heap_Broken                            0x080048a3   Thumb Code     6  init_alloc.o(.text)
    _init_alloc                              0x080048a9   Thumb Code    94  init_alloc.o(.text)
    __Heap_Initialize                        0x08004907   Thumb Code    10  h1_init.o(.text)
    __Heap_DescSize                          0x08004911   Thumb Code     4  h1_init.o(.text)
    _printf_truncate_signed                  0x08004915   Thumb Code    18  _printf_truncate.o(.text)
    _printf_truncate_unsigned                0x08004927   Thumb Code    18  _printf_truncate.o(.text)
    _printf_int_common                       0x08004939   Thumb Code   178  _printf_intcommon.o(.text)
    _printf_charcount                        0x080049eb   Thumb Code    40  _printf_charcount.o(.text)
    _printf_char_common                      0x08004a1f   Thumb Code    32  _printf_char_common.o(.text)
    _sputc                                   0x08004a45   Thumb Code    10  _sputc.o(.text)
    _snputc                                  0x08004a4f   Thumb Code    16  _snputc.o(.text)
    _printf_cs_common                        0x08004a5f   Thumb Code    20  _printf_char.o(.text)
    _printf_char                             0x08004a73   Thumb Code    16  _printf_char.o(.text)
    _printf_string                           0x08004a83   Thumb Code     8  _printf_char.o(.text)
    _printf_wctomb                           0x08004a8d   Thumb Code   182  _printf_wctomb.o(.text)
    _printf_longlong_dec                     0x08004b49   Thumb Code   108  _printf_longlong_dec.o(.text)
    _printf_longlong_oct                     0x08004bc5   Thumb Code    66  _printf_oct_int_ll.o(.text)
    _printf_int_oct                          0x08004c07   Thumb Code    24  _printf_oct_int_ll.o(.text)
    _printf_ll_oct                           0x08004c1f   Thumb Code    12  _printf_oct_int_ll.o(.text)
    _printf_longlong_hex                     0x08004c35   Thumb Code    86  _printf_hex_int_ll_ptr.o(.text)
    _printf_int_hex                          0x08004c8b   Thumb Code    28  _printf_hex_int_ll_ptr.o(.text)
    _printf_ll_hex                           0x08004ca7   Thumb Code    12  _printf_hex_int_ll_ptr.o(.text)
    _printf_hex_ptr                          0x08004cb3   Thumb Code    18  _printf_hex_int_ll_ptr.o(.text)
    strtol                                   0x08004cc9   Thumb Code   112  strtol.o(.text)
    __aeabi_memcpy4                          0x08004d39   Thumb Code     0  rt_memcpy_w.o(.text)
    __aeabi_memcpy8                          0x08004d39   Thumb Code     0  rt_memcpy_w.o(.text)
    __rt_memcpy_w                            0x08004d39   Thumb Code   100  rt_memcpy_w.o(.text)
    _memcpy_lastbytes_aligned                0x08004d81   Thumb Code     0  rt_memcpy_w.o(.text)
    __user_libspace                          0x08004d9d   Thumb Code     8  libspace.o(.text)
    __user_perproc_libspace                  0x08004d9d   Thumb Code     0  libspace.o(.text)
    __user_perthread_libspace                0x08004d9d   Thumb Code     0  libspace.o(.text)
    __rt_ctype_table                         0x08004da5   Thumb Code    16  rt_ctype_table.o(.text)
    __Heap_ProvideMemory                     0x08004db5   Thumb Code    52  h1_extend.o(.text)
    _ll_udiv10                               0x08004de9   Thumb Code   138  lludiv10.o(.text)
    __lib_sel_fp_printf                      0x08004e73   Thumb Code     2  _printf_fp_dec.o(.text)
    _printf_fp_dec_real                      0x08005025   Thumb Code   620  _printf_fp_dec.o(.text)
    _printf_fp_hex_real                      0x08005291   Thumb Code   756  _printf_fp_hex.o(.text)
    _printf_lcs_common                       0x0800558d   Thumb Code    20  _printf_wchar.o(.text)
    _printf_wchar                            0x080055a1   Thumb Code    16  _printf_wchar.o(.text)
    _printf_wstring                          0x080055b1   Thumb Code     8  _printf_wchar.o(.text)
    _strtoul                                 0x080055b9   Thumb Code   158  _strtoul.o(.text)
    _wcrtomb                                 0x08005657   Thumb Code    64  _wcrtomb.o(.text)
    __rt_SIGRTMEM                            0x08005697   Thumb Code    14  defsig_rtmem_outer.o(.text)
    __I$use$semihosting                      0x080056a5   Thumb Code     0  use_no_semi.o(.text)
    __use_no_semihosting_swi                 0x080056a5   Thumb Code     2  use_no_semi.o(.text)
    __semihosting_library_function           0x080056a7   Thumb Code     0  indicate_semi.o(.text)
    __user_setup_stackheap                   0x080056a7   Thumb Code    74  sys_stackheap_outer.o(.text)
    __rt_locale                              0x080056f1   Thumb Code     8  rt_locale_intlibspace.o(.text)
    _printf_fp_infnan                        0x080056f9   Thumb Code   112  _printf_fp_infnan.o(.text)
    _chval                                   0x08005779   Thumb Code    28  _chval.o(.text)
    _btod_etento                             0x08005795   Thumb Code   224  bigflt0.o(.text)
    exit                                     0x08005879   Thumb Code    18  exit.o(.text)
    __sig_exit                               0x0800588b   Thumb Code    10  defsig_exit.o(.text)
    __rt_SIGRTMEM_inner                      0x08005895   Thumb Code    22  defsig_rtmem_inner.o(.text)
    _sys_exit                                0x080058e5   Thumb Code     8  sys_exit.o(.text)
    __default_signal_display                 0x080058f1   Thumb Code    50  defsig_general.o(.text)
    strcmp                                   0x08005925   Thumb Code   128  strcmpv7m.o(.text)
    _ttywrch                                 0x080059a5   Thumb Code    14  sys_wrch.o(.text)
    _btod_d2e                                0x080059b3   Thumb Code    62  btod.o(CL$$btod_d2e)
    _d2e_denorm_low                          0x080059f1   Thumb Code    70  btod.o(CL$$btod_d2e_denorm_low)
    _d2e_norm_op1                            0x08005a37   Thumb Code    96  btod.o(CL$$btod_d2e_norm_op1)
    __btod_div_common                        0x08005a97   Thumb Code   696  btod.o(CL$$btod_div_common)
    _e2e                                     0x08005dcf   Thumb Code   220  btod.o(CL$$btod_e2e)
    _btod_ediv                               0x08005eab   Thumb Code    42  btod.o(CL$$btod_ediv)
    _btod_emul                               0x08005ed5   Thumb Code    42  btod.o(CL$$btod_emul)
    __btod_mult_common                       0x08005eff   Thumb Code   580  btod.o(CL$$btod_mult_common)
    __ARM_fpclassify                         0x08006143   Thumb Code    40  fpclassify.o(i.__ARM_fpclassify)
    _is_digit                                0x0800616b   Thumb Code    14  __printf_wp.o(i._is_digit)
    _get_lc_ctype                            0x08006179   Thumb Code    44  lc_ctype_c.o(locale$$code)
    _get_lc_numeric                          0x080061a5   Thumb Code    44  lc_numeric_c.o(locale$$code)
    __aeabi_d2f                              0x080061d1   Thumb Code     0  d2f.o(x$fpl$d2f)
    _d2f                                     0x080061d1   Thumb Code    98  d2f.o(x$fpl$d2f)
    __aeabi_ddiv                             0x08006235   Thumb Code     0  ddiv.o(x$fpl$ddiv)
    _ddiv                                    0x08006235   Thumb Code   552  ddiv.o(x$fpl$ddiv)
    __aeabi_dmul                             0x080064e5   Thumb Code     0  dmul.o(x$fpl$dmul)
    _dmul                                    0x080064e5   Thumb Code   332  dmul.o(x$fpl$dmul)
    __fpl_dnaninf                            0x08006639   Thumb Code   156  dnaninf.o(x$fpl$dnaninf)
    __fpl_dretinf                            0x080066d5   Thumb Code    12  dretinf.o(x$fpl$dretinf)
    __aeabi_f2d                              0x080066e1   Thumb Code     0  f2d.o(x$fpl$f2d)
    _f2d                                     0x080066e1   Thumb Code    86  f2d.o(x$fpl$f2d)
    __aeabi_fadd                             0x08006739   Thumb Code     0  faddsub_clz.o(x$fpl$fadd)
    _fadd                                    0x08006739   Thumb Code   196  faddsub_clz.o(x$fpl$fadd)
    __aeabi_fdiv                             0x080067fd   Thumb Code     0  fdiv.o(x$fpl$fdiv)
    _fdiv                                    0x080067fd   Thumb Code   384  fdiv.o(x$fpl$fdiv)
    __aeabi_f2uiz                            0x08006981   Thumb Code     0  ffixu.o(x$fpl$ffixu)
    _ffixu                                   0x08006981   Thumb Code    62  ffixu.o(x$fpl$ffixu)
    __aeabi_i2f                              0x080069c1   Thumb Code     0  fflt_clz.o(x$fpl$fflt)
    _fflt                                    0x080069c1   Thumb Code    48  fflt_clz.o(x$fpl$fflt)
    __aeabi_ui2f                             0x080069f1   Thumb Code     0  fflt_clz.o(x$fpl$ffltu)
    _ffltu                                   0x080069f1   Thumb Code    38  fflt_clz.o(x$fpl$ffltu)
    __aeabi_fmul                             0x08006a19   Thumb Code     0  fmul.o(x$fpl$fmul)
    _fmul                                    0x08006a19   Thumb Code   258  fmul.o(x$fpl$fmul)
    __fpl_fnaninf                            0x08006b1b   Thumb Code   140  fnaninf.o(x$fpl$fnaninf)
    __fpl_fretinf                            0x08006ba7   Thumb Code    10  fretinf.o(x$fpl$fretinf)
    __aeabi_fsub                             0x08006bb1   Thumb Code     0  faddsub_clz.o(x$fpl$fsub)
    _fsub                                    0x08006bb1   Thumb Code   234  faddsub_clz.o(x$fpl$fsub)
    _printf_fp_dec                           0x08006c9b   Thumb Code     4  printf1.o(x$fpl$printf1)
    _printf_fp_hex                           0x08006c9f   Thumb Code     4  printf2.o(x$fpl$printf2)
    OLED_F8x16                               0x08006ca2   Data        1520  oled.o(.constdata)
    __I$use$fp                               0x08006ca2   Number         0  usenofp.o(x$fpl$usenofp)
    Region$$Table$$Base                      0x08007498   Number         0  anon$$obj.o(Region$$Table)
    Region$$Table$$Limit                     0x080074b8   Number         0  anon$$obj.o(Region$$Table)
    __ctype                                  0x080074c5   Data           0  lc_ctype_c.o(locale$$data)
    SystemCoreClock                          0x20000000   Data           4  system_stm32f10x.o(.data)
    AHBPrescTable                            0x20000004   Data          16  system_stm32f10x.o(.data)
    UsCount                                  0x20000028   Data           1  delay.o(.data)
    MsCount                                  0x2000002a   Data           2  delay.o(.data)
    i                                        0x2000002c   Data           4  ad.o(.data)
    led_manual_mode                          0x20000030   Data           1  onenet.o(.data)
    esp8266_cnt                              0x2000003a   Data           2  esp8266.o(.data)
    esp8266_cntPre                           0x2000003c   Data           2  esp8266.o(.data)
    esp8266_buf                              0x20000040   Data         512  esp8266.o(.bss)
    __libspace_start                         0x20000240   Data          96  libspace.o(.bss)
    __temporary_stack_top$libspace           0x200002a0   Data           0  libspace.o(.bss)



==============================================================================

Memory Map of the image

  Image Entry point : 0x08000131

  Load Region LR_IROM1 (Base: 0x08000000, Size: 0x00007624, Max: 0x00080000, ABSOLUTE)

    Execution Region ER_IROM1 (Exec base: 0x08000000, Load base: 0x08000000, Size: 0x000075e4, Max: 0x00080000, ABSOLUTE)

    Exec Addr    Load Addr    Size         Type   Attr      Idx    E Section Name        Object

    0x08000000   0x08000000   0x00000130   Data   RO          139    RESET               startup_stm32f10x_hd.o
    0x08000130   0x08000130   0x00000008   Code   RO          655  * !!!main             c_w.l(__main.o)
    0x08000138   0x08000138   0x00000034   Code   RO         1046    !!!scatter          c_w.l(__scatter.o)
    0x0800016c   0x0800016c   0x0000001a   Code   RO         1048    !!handler_copy      c_w.l(__scatter_copy.o)
    0x08000186   0x08000186   0x00000002   PAD
    0x08000188   0x08000188   0x0000001c   Code   RO         1050    !!handler_zi        c_w.l(__scatter_zi.o)
    0x080001a4   0x080001a4   0x00000000   Code   RO          632    .ARM.Collect$$_printf_percent$$00000000  c_w.l(_printf_percent.o)
    0x080001a4   0x080001a4   0x00000006   Code   RO          769    .ARM.Collect$$_printf_percent$$00000001  c_w.l(_printf_n.o)
    0x080001aa   0x080001aa   0x00000006   Code   RO          771    .ARM.Collect$$_printf_percent$$00000002  c_w.l(_printf_p.o)
    0x080001b0   0x080001b0   0x00000006   Code   RO          775    .ARM.Collect$$_printf_percent$$00000003  c_w.l(_printf_f.o)
    0x080001b6   0x080001b6   0x00000006   Code   RO          776    .ARM.Collect$$_printf_percent$$00000004  c_w.l(_printf_e.o)
    0x080001bc   0x080001bc   0x00000006   Code   RO          777    .ARM.Collect$$_printf_percent$$00000005  c_w.l(_printf_g.o)
    0x080001c2   0x080001c2   0x00000006   Code   RO          778    .ARM.Collect$$_printf_percent$$00000006  c_w.l(_printf_a.o)
    0x080001c8   0x080001c8   0x0000000a   Code   RO          783    .ARM.Collect$$_printf_percent$$00000007  c_w.l(_printf_ll.o)
    0x080001d2   0x080001d2   0x00000006   Code   RO          773    .ARM.Collect$$_printf_percent$$00000008  c_w.l(_printf_i.o)
    0x080001d8   0x080001d8   0x00000006   Code   RO          631    .ARM.Collect$$_printf_percent$$00000009  c_w.l(_printf_d.o)
    0x080001de   0x080001de   0x00000006   Code   RO          774    .ARM.Collect$$_printf_percent$$0000000A  c_w.l(_printf_u.o)
    0x080001e4   0x080001e4   0x00000006   Code   RO          772    .ARM.Collect$$_printf_percent$$0000000B  c_w.l(_printf_o.o)
    0x080001ea   0x080001ea   0x00000006   Code   RO          770    .ARM.Collect$$_printf_percent$$0000000C  c_w.l(_printf_x.o)
    0x080001f0   0x080001f0   0x00000006   Code   RO          780    .ARM.Collect$$_printf_percent$$0000000D  c_w.l(_printf_lli.o)
    0x080001f6   0x080001f6   0x00000006   Code   RO          781    .ARM.Collect$$_printf_percent$$0000000E  c_w.l(_printf_lld.o)
    0x080001fc   0x080001fc   0x00000006   Code   RO          782    .ARM.Collect$$_printf_percent$$0000000F  c_w.l(_printf_llu.o)
    0x08000202   0x08000202   0x00000006   Code   RO          787    .ARM.Collect$$_printf_percent$$00000010  c_w.l(_printf_llo.o)
    0x08000208   0x08000208   0x00000006   Code   RO          788    .ARM.Collect$$_printf_percent$$00000011  c_w.l(_printf_llx.o)
    0x0800020e   0x0800020e   0x0000000a   Code   RO          784    .ARM.Collect$$_printf_percent$$00000012  c_w.l(_printf_l.o)
    0x08000218   0x08000218   0x00000006   Code   RO          768    .ARM.Collect$$_printf_percent$$00000013  c_w.l(_printf_c.o)
    0x0800021e   0x0800021e   0x00000006   Code   RO          630    .ARM.Collect$$_printf_percent$$00000014  c_w.l(_printf_s.o)
    0x08000224   0x08000224   0x00000006   Code   RO          785    .ARM.Collect$$_printf_percent$$00000015  c_w.l(_printf_lc.o)
    0x0800022a   0x0800022a   0x00000006   Code   RO          786    .ARM.Collect$$_printf_percent$$00000016  c_w.l(_printf_ls.o)
    0x08000230   0x08000230   0x00000004   Code   RO          779    .ARM.Collect$$_printf_percent$$00000017  c_w.l(_printf_percent_end.o)
    0x08000234   0x08000234   0x00000002   Code   RO          977    .ARM.Collect$$libinit$$00000000  c_w.l(libinit.o)
    0x08000236   0x08000236   0x00000000   Code   RO          796    .ARM.Collect$$libinit$$00000002  c_w.l(libinit2.o)
    0x08000236   0x08000236   0x00000000   Code   RO          798    .ARM.Collect$$libinit$$00000004  c_w.l(libinit2.o)
    0x08000236   0x08000236   0x00000008   Code   RO          799    .ARM.Collect$$libinit$$00000005  c_w.l(libinit2.o)
    0x0800023e   0x0800023e   0x00000000   Code   RO          801    .ARM.Collect$$libinit$$0000000A  c_w.l(libinit2.o)
    0x0800023e   0x0800023e   0x00000000   Code   RO          803    .ARM.Collect$$libinit$$0000000C  c_w.l(libinit2.o)
    0x0800023e   0x0800023e   0x00000000   Code   RO          805    .ARM.Collect$$libinit$$0000000E  c_w.l(libinit2.o)
    0x0800023e   0x0800023e   0x00000006   Code   RO          806    .ARM.Collect$$libinit$$0000000F  c_w.l(libinit2.o)
    0x08000244   0x08000244   0x00000000   Code   RO          808    .ARM.Collect$$libinit$$00000011  c_w.l(libinit2.o)
    0x08000244   0x08000244   0x0000000c   Code   RO          809    .ARM.Collect$$libinit$$00000012  c_w.l(libinit2.o)
    0x08000250   0x08000250   0x00000000   Code   RO          810    .ARM.Collect$$libinit$$00000013  c_w.l(libinit2.o)
    0x08000250   0x08000250   0x00000000   Code   RO          812    .ARM.Collect$$libinit$$00000015  c_w.l(libinit2.o)
    0x08000250   0x08000250   0x0000000a   Code   RO          813    .ARM.Collect$$libinit$$00000016  c_w.l(libinit2.o)
    0x0800025a   0x0800025a   0x00000000   Code   RO          814    .ARM.Collect$$libinit$$00000017  c_w.l(libinit2.o)
    0x0800025a   0x0800025a   0x00000000   Code   RO          816    .ARM.Collect$$libinit$$00000019  c_w.l(libinit2.o)
    0x0800025a   0x0800025a   0x00000000   Code   RO          818    .ARM.Collect$$libinit$$0000001B  c_w.l(libinit2.o)
    0x0800025a   0x0800025a   0x00000000   Code   RO          820    .ARM.Collect$$libinit$$0000001D  c_w.l(libinit2.o)
    0x0800025a   0x0800025a   0x00000000   Code   RO          822    .ARM.Collect$$libinit$$0000001F  c_w.l(libinit2.o)
    0x0800025a   0x0800025a   0x00000000   Code   RO          824    .ARM.Collect$$libinit$$00000021  c_w.l(libinit2.o)
    0x0800025a   0x0800025a   0x00000000   Code   RO          826    .ARM.Collect$$libinit$$00000023  c_w.l(libinit2.o)
    0x0800025a   0x0800025a   0x00000000   Code   RO          828    .ARM.Collect$$libinit$$00000025  c_w.l(libinit2.o)
    0x0800025a   0x0800025a   0x00000000   Code   RO          832    .ARM.Collect$$libinit$$0000002C  c_w.l(libinit2.o)
    0x0800025a   0x0800025a   0x00000000   Code   RO          834    .ARM.Collect$$libinit$$0000002E  c_w.l(libinit2.o)
    0x0800025a   0x0800025a   0x00000000   Code   RO          836    .ARM.Collect$$libinit$$00000030  c_w.l(libinit2.o)
    0x0800025a   0x0800025a   0x00000000   Code   RO          838    .ARM.Collect$$libinit$$00000032  c_w.l(libinit2.o)
    0x0800025a   0x0800025a   0x00000002   Code   RO          839    .ARM.Collect$$libinit$$00000033  c_w.l(libinit2.o)
    0x0800025c   0x0800025c   0x00000002   Code   RO         1043    .ARM.Collect$$libshutdown$$00000000  c_w.l(libshutdown.o)
    0x0800025e   0x0800025e   0x00000000   Code   RO          997    .ARM.Collect$$libshutdown$$00000002  c_w.l(libshutdown2.o)
    0x0800025e   0x0800025e   0x00000000   Code   RO          999    .ARM.Collect$$libshutdown$$00000004  c_w.l(libshutdown2.o)
    0x0800025e   0x0800025e   0x00000000   Code   RO         1001    .ARM.Collect$$libshutdown$$00000006  c_w.l(libshutdown2.o)
    0x0800025e   0x0800025e   0x00000000   Code   RO         1004    .ARM.Collect$$libshutdown$$00000009  c_w.l(libshutdown2.o)
    0x0800025e   0x0800025e   0x00000000   Code   RO         1007    .ARM.Collect$$libshutdown$$0000000C  c_w.l(libshutdown2.o)
    0x0800025e   0x0800025e   0x00000000   Code   RO         1009    .ARM.Collect$$libshutdown$$0000000E  c_w.l(libshutdown2.o)
    0x0800025e   0x0800025e   0x00000000   Code   RO         1012    .ARM.Collect$$libshutdown$$00000011  c_w.l(libshutdown2.o)
    0x0800025e   0x0800025e   0x00000002   Code   RO         1013    .ARM.Collect$$libshutdown$$00000012  c_w.l(libshutdown2.o)
    0x08000260   0x08000260   0x00000000   Code   RO          691    .ARM.Collect$$rtentry$$00000000  c_w.l(__rtentry.o)
    0x08000260   0x08000260   0x00000000   Code   RO          863    .ARM.Collect$$rtentry$$00000002  c_w.l(__rtentry2.o)
    0x08000260   0x08000260   0x00000006   Code   RO          875    .ARM.Collect$$rtentry$$00000004  c_w.l(__rtentry4.o)
    0x08000266   0x08000266   0x00000000   Code   RO          865    .ARM.Collect$$rtentry$$00000009  c_w.l(__rtentry2.o)
    0x08000266   0x08000266   0x00000004   Code   RO          866    .ARM.Collect$$rtentry$$0000000A  c_w.l(__rtentry2.o)
    0x0800026a   0x0800026a   0x00000000   Code   RO          868    .ARM.Collect$$rtentry$$0000000C  c_w.l(__rtentry2.o)
    0x0800026a   0x0800026a   0x00000008   Code   RO          869    .ARM.Collect$$rtentry$$0000000D  c_w.l(__rtentry2.o)
    0x08000272   0x08000272   0x00000002   Code   RO          984    .ARM.Collect$$rtexit$$00000000  c_w.l(rtexit.o)
    0x08000274   0x08000274   0x00000000   Code   RO         1017    .ARM.Collect$$rtexit$$00000002  c_w.l(rtexit2.o)
    0x08000274   0x08000274   0x00000004   Code   RO         1018    .ARM.Collect$$rtexit$$00000003  c_w.l(rtexit2.o)
    0x08000278   0x08000278   0x00000006   Code   RO         1019    .ARM.Collect$$rtexit$$00000004  c_w.l(rtexit2.o)
    0x0800027e   0x0800027e   0x00000002   PAD
    0x08000280   0x08000280   0x00000000   Code   RO          881    .emb_text           c_w.l(maybetermalloc1.o)
    0x08000280   0x08000280   0x0000001c   Code   RO           17    .text               stm32f10x_it.o
    0x0800029c   0x0800029c   0x000001e0   Code   RO          119    .text               system_stm32f10x.o
    0x0800047c   0x0800047c   0x00000040   Code   RO          140    .text               startup_stm32f10x_hd.o
    0x080004bc   0x080004bc   0x000000dc   Code   RO          144    .text               misc.o
    0x08000598   0x08000598   0x0000035c   Code   RO          182    .text               stm32f10x_gpio.o
    0x080008f4   0x080008f4   0x000003a4   Code   RO          194    .text               stm32f10x_rcc.o
    0x08000c98   0x08000c98   0x00000408   Code   RO          208    .text               stm32f10x_usart.o
    0x080010a0   0x080010a0   0x0000044e   Code   RO          220    .text               stm32f10x_adc.o
    0x080014ee   0x080014ee   0x00000002   PAD
    0x080014f0   0x080014f0   0x000000b8   Code   RO          232    .text               delay.o
    0x080015a8   0x080015a8   0x00000120   Code   RO          250    .text               usart.o
    0x080016c8   0x080016c8   0x000001a0   Code   RO          275    .text               dht11.o
    0x08001868   0x08001868   0x00000418   Code   RO          309    .text               oled.o
    0x08001c80   0x08001c80   0x00000258   Code   RO          327    .text               ad.o
    0x08001ed8   0x08001ed8   0x000000fc   Code   RO          345    .text               led.o
    0x08001fd4   0x08001fd4   0x00000268   Code   RO          360    .text               main.o
    0x0800223c   0x0800223c   0x00000838   Code   RO          398    .text               onenet.o
    0x08002a74   0x08002a74   0x000004a4   Code   RO          444    .text               hmac_sha1.o
    0x08002f18   0x08002f18   0x000002b0   Code   RO          466    .text               base64.o
    0x080031c8   0x080031c8   0x00000e20   Code   RO          480    .text               mqttkit.o
    0x08003fe8   0x08003fe8   0x00000264   Code   RO          508    .text               esp8266.o
    0x0800424c   0x0800424c   0x0000005e   Code   RO          534    .text               c_w.l(h1_alloc.o)
    0x080042aa   0x080042aa   0x0000004e   Code   RO          536    .text               c_w.l(h1_free.o)
    0x080042f8   0x080042f8   0x00000034   Code   RO          592    .text               c_w.l(vsnprintf.o)
    0x0800432c   0x0800432c   0x0000002c   Code   RO          594    .text               c_w.l(__2sprintf.o)
    0x08004358   0x08004358   0x00000038   Code   RO          596    .text               c_w.l(__2snprintf.o)
    0x08004390   0x08004390   0x0000004e   Code   RO          604    .text               c_w.l(_printf_pad.o)
    0x080043de   0x080043de   0x00000052   Code   RO          606    .text               c_w.l(_printf_str.o)
    0x08004430   0x08004430   0x00000078   Code   RO          608    .text               c_w.l(_printf_dec.o)
    0x080044a8   0x080044a8   0x00000188   Code   RO          627    .text               c_w.l(__printf_flags_ss_wp.o)
    0x08004630   0x08004630   0x0000001a   Code   RO          633    .text               c_w.l(atoi.o)
    0x0800464a   0x0800464a   0x00000014   Code   RO          635    .text               c_w.l(strchr.o)
    0x0800465e   0x0800465e   0x00000024   Code   RO          637    .text               c_w.l(strncat.o)
    0x08004682   0x08004682   0x00000024   Code   RO          639    .text               c_w.l(strstr.o)
    0x080046a6   0x080046a6   0x00000048   Code   RO          641    .text               c_w.l(strcpy.o)
    0x080046ee   0x080046ee   0x0000003e   Code   RO          643    .text               c_w.l(strlen.o)
    0x0800472c   0x0800472c   0x00000018   Code   RO          645    .text               c_w.l(strcat.o)
    0x08004744   0x08004744   0x0000008a   Code   RO          647    .text               c_w.l(rt_memcpy_v6.o)
    0x080047ce   0x080047ce   0x00000044   Code   RO          649    .text               c_w.l(rt_memclr.o)
    0x08004812   0x08004812   0x0000004e   Code   RO          651    .text               c_w.l(rt_memclr_w.o)
    0x08004860   0x08004860   0x00000006   Code   RO          653    .text               c_w.l(heapauxi.o)
    0x08004866   0x08004866   0x00000002   PAD
    0x08004868   0x08004868   0x00000008   Code   RO          695    .text               c_w.l(rt_heap_descriptor_intlibspace.o)
    0x08004870   0x08004870   0x00000008   Code   RO          700    .text               c_w.l(rt_errno_addr_intlibspace.o)
    0x08004878   0x08004878   0x00000004   Code   RO          702    .text               c_w.l(hguard.o)
    0x0800487c   0x0800487c   0x0000008a   Code   RO          704    .text               c_w.l(init_alloc.o)
    0x08004906   0x08004906   0x0000000e   Code   RO          708    .text               c_w.l(h1_init.o)
    0x08004914   0x08004914   0x00000024   Code   RO          722    .text               c_w.l(_printf_truncate.o)
    0x08004938   0x08004938   0x000000b2   Code   RO          724    .text               c_w.l(_printf_intcommon.o)
    0x080049ea   0x080049ea   0x00000028   Code   RO          726    .text               c_w.l(_printf_charcount.o)
    0x08004a12   0x08004a12   0x00000002   PAD
    0x08004a14   0x08004a14   0x00000030   Code   RO          728    .text               c_w.l(_printf_char_common.o)
    0x08004a44   0x08004a44   0x0000000a   Code   RO          730    .text               c_w.l(_sputc.o)
    0x08004a4e   0x08004a4e   0x00000010   Code   RO          732    .text               c_w.l(_snputc.o)
    0x08004a5e   0x08004a5e   0x0000002c   Code   RO          734    .text               c_w.l(_printf_char.o)
    0x08004a8a   0x08004a8a   0x00000002   PAD
    0x08004a8c   0x08004a8c   0x000000bc   Code   RO          736    .text               c_w.l(_printf_wctomb.o)
    0x08004b48   0x08004b48   0x0000007c   Code   RO          739    .text               c_w.l(_printf_longlong_dec.o)
    0x08004bc4   0x08004bc4   0x00000070   Code   RO          745    .text               c_w.l(_printf_oct_int_ll.o)
    0x08004c34   0x08004c34   0x00000094   Code   RO          765    .text               c_w.l(_printf_hex_int_ll_ptr.o)
    0x08004cc8   0x08004cc8   0x00000070   Code   RO          789    .text               c_w.l(strtol.o)
    0x08004d38   0x08004d38   0x00000064   Code   RO          791    .text               c_w.l(rt_memcpy_w.o)
    0x08004d9c   0x08004d9c   0x00000008   Code   RO          859    .text               c_w.l(libspace.o)
    0x08004da4   0x08004da4   0x00000010   Code   RO          877    .text               c_w.l(rt_ctype_table.o)
    0x08004db4   0x08004db4   0x00000034   Code   RO          883    .text               c_w.l(h1_extend.o)
    0x08004de8   0x08004de8   0x0000008a   Code   RO          887    .text               c_w.l(lludiv10.o)
    0x08004e72   0x08004e72   0x0000041e   Code   RO          889    .text               c_w.l(_printf_fp_dec.o)
    0x08005290   0x08005290   0x000002fc   Code   RO          891    .text               c_w.l(_printf_fp_hex.o)
    0x0800558c   0x0800558c   0x0000002c   Code   RO          896    .text               c_w.l(_printf_wchar.o)
    0x080055b8   0x080055b8   0x0000009e   Code   RO          898    .text               c_w.l(_strtoul.o)
    0x08005656   0x08005656   0x00000040   Code   RO          900    .text               c_w.l(_wcrtomb.o)
    0x08005696   0x08005696   0x0000000e   Code   RO          902    .text               c_w.l(defsig_rtmem_outer.o)
    0x080056a4   0x080056a4   0x00000002   Code   RO          913    .text               c_w.l(use_no_semi.o)
    0x080056a6   0x080056a6   0x00000000   Code   RO          915    .text               c_w.l(indicate_semi.o)
    0x080056a6   0x080056a6   0x0000004a   Code   RO          916    .text               c_w.l(sys_stackheap_outer.o)
    0x080056f0   0x080056f0   0x00000008   Code   RO          923    .text               c_w.l(rt_locale_intlibspace.o)
    0x080056f8   0x080056f8   0x00000080   Code   RO          927    .text               c_w.l(_printf_fp_infnan.o)
    0x08005778   0x08005778   0x0000001c   Code   RO          929    .text               c_w.l(_chval.o)
    0x08005794   0x08005794   0x000000e4   Code   RO          931    .text               c_w.l(bigflt0.o)
    0x08005878   0x08005878   0x00000012   Code   RO          962    .text               c_w.l(exit.o)
    0x0800588a   0x0800588a   0x0000000a   Code   RO          964    .text               c_w.l(defsig_exit.o)
    0x08005894   0x08005894   0x00000050   Code   RO          966    .text               c_w.l(defsig_rtmem_inner.o)
    0x080058e4   0x080058e4   0x0000000c   Code   RO          982    .text               c_w.l(sys_exit.o)
    0x080058f0   0x080058f0   0x00000032   Code   RO          992    .text               c_w.l(defsig_general.o)
    0x08005922   0x08005922   0x00000002   PAD
    0x08005924   0x08005924   0x00000080   Code   RO          994    .text               c_w.l(strcmpv7m.o)
    0x080059a4   0x080059a4   0x0000000e   Code   RO         1014    .text               c_w.l(sys_wrch.o)
    0x080059b2   0x080059b2   0x0000003e   Code   RO          934    CL$$btod_d2e        c_w.l(btod.o)
    0x080059f0   0x080059f0   0x00000046   Code   RO          936    CL$$btod_d2e_denorm_low  c_w.l(btod.o)
    0x08005a36   0x08005a36   0x00000060   Code   RO          935    CL$$btod_d2e_norm_op1  c_w.l(btod.o)
    0x08005a96   0x08005a96   0x00000338   Code   RO          944    CL$$btod_div_common  c_w.l(btod.o)
    0x08005dce   0x08005dce   0x000000dc   Code   RO          941    CL$$btod_e2e        c_w.l(btod.o)
    0x08005eaa   0x08005eaa   0x0000002a   Code   RO          938    CL$$btod_ediv       c_w.l(btod.o)
    0x08005ed4   0x08005ed4   0x0000002a   Code   RO          937    CL$$btod_emul       c_w.l(btod.o)
    0x08005efe   0x08005efe   0x00000244   Code   RO          943    CL$$btod_mult_common  c_w.l(btod.o)
    0x08006142   0x08006142   0x00000028   Code   RO          980    i.__ARM_fpclassify  m_ws.l(fpclassify.o)
    0x0800616a   0x0800616a   0x0000000e   Code   RO          620    i._is_digit         c_w.l(__printf_wp.o)
    0x08006178   0x08006178   0x0000002c   Code   RO          957    locale$$code        c_w.l(lc_ctype_c.o)
    0x080061a4   0x080061a4   0x0000002c   Code   RO          960    locale$$code        c_w.l(lc_numeric_c.o)
    0x080061d0   0x080061d0   0x00000062   Code   RO          657    x$fpl$d2f           fz_ws.l(d2f.o)
    0x08006232   0x08006232   0x00000002   PAD
    0x08006234   0x08006234   0x000002b0   Code   RO          660    x$fpl$ddiv          fz_ws.l(ddiv.o)
    0x080064e4   0x080064e4   0x00000154   Code   RO          663    x$fpl$dmul          fz_ws.l(dmul.o)
    0x08006638   0x08006638   0x0000009c   Code   RO          840    x$fpl$dnaninf       fz_ws.l(dnaninf.o)
    0x080066d4   0x080066d4   0x0000000c   Code   RO          842    x$fpl$dretinf       fz_ws.l(dretinf.o)
    0x080066e0   0x080066e0   0x00000056   Code   RO          665    x$fpl$f2d           fz_ws.l(f2d.o)
    0x08006736   0x08006736   0x00000002   PAD
    0x08006738   0x08006738   0x000000c4   Code   RO          667    x$fpl$fadd          fz_ws.l(faddsub_clz.o)
    0x080067fc   0x080067fc   0x00000184   Code   RO          674    x$fpl$fdiv          fz_ws.l(fdiv.o)
    0x08006980   0x08006980   0x0000003e   Code   RO          677    x$fpl$ffixu         fz_ws.l(ffixu.o)
    0x080069be   0x080069be   0x00000002   PAD
    0x080069c0   0x080069c0   0x00000030   Code   RO          682    x$fpl$fflt          fz_ws.l(fflt_clz.o)
    0x080069f0   0x080069f0   0x00000026   Code   RO          681    x$fpl$ffltu         fz_ws.l(fflt_clz.o)
    0x08006a16   0x08006a16   0x00000002   PAD
    0x08006a18   0x08006a18   0x00000102   Code   RO          687    x$fpl$fmul          fz_ws.l(fmul.o)
    0x08006b1a   0x08006b1a   0x0000008c   Code   RO          844    x$fpl$fnaninf       fz_ws.l(fnaninf.o)
    0x08006ba6   0x08006ba6   0x0000000a   Code   RO          846    x$fpl$fretinf       fz_ws.l(fretinf.o)
    0x08006bb0   0x08006bb0   0x000000ea   Code   RO          669    x$fpl$fsub          fz_ws.l(faddsub_clz.o)
    0x08006c9a   0x08006c9a   0x00000004   Code   RO          848    x$fpl$printf1       fz_ws.l(printf1.o)
    0x08006c9e   0x08006c9e   0x00000004   Code   RO          850    x$fpl$printf2       fz_ws.l(printf2.o)
    0x08006ca2   0x08006ca2   0x00000000   Code   RO          856    x$fpl$usenofp       fz_ws.l(usenofp.o)
    0x08006ca2   0x08006ca2   0x000005f0   Data   RO          310    .constdata          oled.o
    0x08007292   0x08007292   0x000000c0   Data   RO          467    .constdata          base64.o
    0x08007352   0x08007352   0x00000011   Data   RO          628    .constdata          c_w.l(__printf_flags_ss_wp.o)
    0x08007363   0x08007363   0x00000001   PAD
    0x08007364   0x08007364   0x00000008   Data   RO          737    .constdata          c_w.l(_printf_wctomb.o)
    0x0800736c   0x0800736c   0x00000028   Data   RO          766    .constdata          c_w.l(_printf_hex_int_ll_ptr.o)
    0x08007394   0x08007394   0x00000026   Data   RO          892    .constdata          c_w.l(_printf_fp_hex.o)
    0x080073ba   0x080073ba   0x00000002   PAD
    0x080073bc   0x080073bc   0x00000094   Data   RO          932    .constdata          c_w.l(bigflt0.o)
    0x08007450   0x08007450   0x00000047   Data   RO          400    .conststring        onenet.o
    0x08007497   0x08007497   0x00000001   PAD
    0x08007498   0x08007498   0x00000020   Data   RO         1044    Region$$Table       anon$$obj.o
    0x080074b8   0x080074b8   0x00000110   Data   RO          956    locale$$data        c_w.l(lc_ctype_c.o)
    0x080075c8   0x080075c8   0x0000001c   Data   RO          959    locale$$data        c_w.l(lc_numeric_c.o)


    Execution Region RW_IRAM1 (Exec base: 0x20000000, Load base: 0x080075e4, Size: 0x00001aa0, Max: 0x00010000, ABSOLUTE)

    Exec Addr    Load Addr    Size         Type   Attr      Idx    E Section Name        Object

    0x20000000   0x080075e4   0x00000014   Data   RW          120    .data               system_stm32f10x.o
    0x20000014   0x080075f8   0x00000014   Data   RW          195    .data               stm32f10x_rcc.o
    0x20000028   0x0800760c   0x00000004   Data   RW          233    .data               delay.o
    0x2000002c   0x08007610   0x00000004   Data   RW          328    .data               ad.o
    0x20000030   0x08007614   0x0000000a   Data   RW          401    .data               onenet.o
    0x2000003a   0x0800761e   0x00000004   Data   RW          510    .data               esp8266.o
    0x2000003e   0x08007622   0x00000002   PAD
    0x20000040        -       0x00000200   Zero   RW          509    .bss                esp8266.o
    0x20000240        -       0x00000060   Zero   RW          860    .bss                c_w.l(libspace.o)
    0x200002a0        -       0x00000c00   Zero   RW          138    HEAP                startup_stm32f10x_hd.o
    0x20000ea0        -       0x00000c00   Zero   RW          137    STACK               startup_stm32f10x_hd.o


==============================================================================

Image component sizes


      Code (inc. data)   RO Data    RW Data    ZI Data      Debug   Object Name

       600         42          0          4          0       1797   ad.o
       688          8        192          0          0       2538   base64.o
         0          0          0          0          0       4532   core_cm3.o
       184         10          0          4          0       1121   delay.o
       416         12          0          0          0       2058   dht11.o
       612        132          0          4        512       2911   esp8266.o
      1188         30          0          0          0       3180   hmac_sha1.o
       252         12          0          0          0       1151   led.o
       616        138          0          0          0       1760   main.o
       220         22          0          0          0     213945   misc.o
      3616         98          0          0          0      15119   mqttkit.o
      1048          8       1520          0          0       4912   oled.o
      2104        514         71         10          0       7572   onenet.o
        64         26        304          0       6144        780   startup_stm32f10x_hd.o
      1102         26          0          0          0      10913   stm32f10x_adc.o
       860         38          0          0          0       5609   stm32f10x_gpio.o
        28          0          0          0          0      24263   stm32f10x_it.o
       932         36          0         20          0       8740   stm32f10x_rcc.o
      1032         22          0          0          0       8332   stm32f10x_usart.o
       480         38          0         20          0       1671   system_stm32f10x.o
       288          8          0          0          0       2363   usart.o

    ----------------------------------------------------------------------
     16332       1220       2120         64       6656     325267   Object Totals
         0          0         32          0          0          0   (incl. Generated)
         2          0          1          2          0          0   (incl. Padding)

    ----------------------------------------------------------------------

      Code (inc. data)   RO Data    RW Data    ZI Data      Debug   Library Member Name

        56          6          0          0          0         88   __2snprintf.o
        44          6          0          0          0         84   __2sprintf.o
         8          0          0          0          0         68   __main.o
       392          4         17          0          0         92   __printf_flags_ss_wp.o
        14          0          0          0          0         68   __printf_wp.o
         0          0          0          0          0          0   __rtentry.o
        12          0          0          0          0          0   __rtentry2.o
         6          0          0          0          0          0   __rtentry4.o
        52          8          0          0          0          0   __scatter.o
        26          0          0          0          0          0   __scatter_copy.o
        28          0          0          0          0          0   __scatter_zi.o
        28          0          0          0          0         68   _chval.o
         6          0          0          0          0          0   _printf_a.o
         6          0          0          0          0          0   _printf_c.o
        44          0          0          0          0        108   _printf_char.o
        48          6          0          0          0         96   _printf_char_common.o
        40          0          0          0          0         68   _printf_charcount.o
         6          0          0          0          0          0   _printf_d.o
       120         16          0          0          0         92   _printf_dec.o
         6          0          0          0          0          0   _printf_e.o
         6          0          0          0          0          0   _printf_f.o
      1054          0          0          0          0        216   _printf_fp_dec.o
       764          8         38          0          0        100   _printf_fp_hex.o
       128         16          0          0          0         84   _printf_fp_infnan.o
         6          0          0          0          0          0   _printf_g.o
       148          4         40          0          0        160   _printf_hex_int_ll_ptr.o
         6          0          0          0          0          0   _printf_i.o
       178          0          0          0          0         88   _printf_intcommon.o
        10          0          0          0          0          0   _printf_l.o
         6          0          0          0          0          0   _printf_lc.o
        10          0          0          0          0          0   _printf_ll.o
         6          0          0          0          0          0   _printf_lld.o
         6          0          0          0          0          0   _printf_lli.o
         6          0          0          0          0          0   _printf_llo.o
         6          0          0          0          0          0   _printf_llu.o
         6          0          0          0          0          0   _printf_llx.o
       124         16          0          0          0         92   _printf_longlong_dec.o
         6          0          0          0          0          0   _printf_ls.o
         6          0          0          0          0          0   _printf_n.o
         6          0          0          0          0          0   _printf_o.o
       112         10          0          0          0        124   _printf_oct_int_ll.o
         6          0          0          0          0          0   _printf_p.o
        78          0          0          0          0        108   _printf_pad.o
         0          0          0          0          0          0   _printf_percent.o
         4          0          0          0          0          0   _printf_percent_end.o
         6          0          0          0          0          0   _printf_s.o
        82          0          0          0          0         80   _printf_str.o
        36          0          0          0          0         84   _printf_truncate.o
         6          0          0          0          0          0   _printf_u.o
        44          0          0          0          0        108   _printf_wchar.o
       188          6          8          0          0         92   _printf_wctomb.o
         6          0          0          0          0          0   _printf_x.o
        16          0          0          0          0         68   _snputc.o
        10          0          0          0          0         68   _sputc.o
       158          0          0          0          0         92   _strtoul.o
        64          0          0          0          0         92   _wcrtomb.o
        26          0          0          0          0         80   atoi.o
       228          4        148          0          0         96   bigflt0.o
      1936        128          0          0          0        672   btod.o
        10          0          0          0          0         68   defsig_exit.o
        50          0          0          0          0         88   defsig_general.o
        80         58          0          0          0         76   defsig_rtmem_inner.o
        14          0          0          0          0         80   defsig_rtmem_outer.o
        18          0          0          0          0         80   exit.o
        94          0          0          0          0         80   h1_alloc.o
        52          0          0          0          0         68   h1_extend.o
        78          0          0          0          0         80   h1_free.o
        14          0          0          0          0         84   h1_init.o
         6          0          0          0          0        152   heapauxi.o
         4          0          0          0          0        136   hguard.o
         0          0          0          0          0          0   indicate_semi.o
       138          0          0          0          0        168   init_alloc.o
        44         10        272          0          0         76   lc_ctype_c.o
        44         10         28          0          0         76   lc_numeric_c.o
         2          0          0          0          0          0   libinit.o
        38          0          0          0          0          0   libinit2.o
         2          0          0          0          0          0   libshutdown.o
         2          0          0          0          0          0   libshutdown2.o
         8          4          0          0         96         68   libspace.o
       138          0          0          0          0         80   lludiv10.o
         0          0          0          0          0          0   maybetermalloc1.o
        16          4          0          0          0         76   rt_ctype_table.o
         8          4          0          0          0         68   rt_errno_addr_intlibspace.o
         8          4          0          0          0         68   rt_heap_descriptor_intlibspace.o
         8          4          0          0          0         68   rt_locale_intlibspace.o
        68          0          0          0          0         68   rt_memclr.o
        78          0          0          0          0         80   rt_memclr_w.o
       138          0          0          0          0         68   rt_memcpy_v6.o
       100          0          0          0          0         80   rt_memcpy_w.o
         2          0          0          0          0          0   rtexit.o
        10          0          0          0          0          0   rtexit2.o
        24          0          0          0          0         68   strcat.o
        20          0          0          0          0         68   strchr.o
       128          0          0          0          0         68   strcmpv7m.o
        72          0          0          0          0         80   strcpy.o
        62          0          0          0          0         76   strlen.o
        36          0          0          0          0         76   strncat.o
        36          0          0          0          0         80   strstr.o
       112          0          0          0          0         88   strtol.o
        12          4          0          0          0         68   sys_exit.o
        74          0          0          0          0         80   sys_stackheap_outer.o
        14          0          0          0          0         76   sys_wrch.o
         2          0          0          0          0         68   use_no_semi.o
        52          4          0          0          0         80   vsnprintf.o
        98          4          0          0          0         92   d2f.o
       688        140          0          0          0        208   ddiv.o
       340         12          0          0          0        104   dmul.o
       156          4          0          0          0         92   dnaninf.o
        12          0          0          0          0         68   dretinf.o
        86          4          0          0          0         84   f2d.o
       430          8          0          0          0        168   faddsub_clz.o
       388         76          0          0          0         96   fdiv.o
        62          4          0          0          0         84   ffixu.o
        86          0          0          0          0        136   fflt_clz.o
       258          4          0          0          0         84   fmul.o
       140          4          0          0          0         84   fnaninf.o
        10          0          0          0          0         68   fretinf.o
         4          0          0          0          0         68   printf1.o
         4          0          0          0          0         68   printf2.o
         0          0          0          0          0          0   usenofp.o
        40          0          0          0          0         68   fpclassify.o

    ----------------------------------------------------------------------
     11174        604        554          0         96       7920   Library Totals
        20          0          3          0          0          0   (incl. Padding)

    ----------------------------------------------------------------------

      Code (inc. data)   RO Data    RW Data    ZI Data      Debug   Library Name

      8352        344        551          0         96       6348   c_w.l
      2762        260          0          0          0       1504   fz_ws.l
        40          0          0          0          0         68   m_ws.l

    ----------------------------------------------------------------------
     11174        604        554          0         96       7920   Library Totals

    ----------------------------------------------------------------------

==============================================================================


      Code (inc. data)   RO Data    RW Data    ZI Data      Debug   

     27506       1824       2674         64       6752     326995   Grand Totals
     27506       1824       2674         64       6752     326995   ELF Image Totals
     27506       1824       2674         64          0          0   ROM Totals

==============================================================================

    Total RO  Size (Code + RO Data)                30180 (  29.47kB)
    Total RW  Size (RW Data + ZI Data)              6816 (   6.66kB)
    Total ROM Size (Code + RO Data + RW Data)      30244 (  29.54kB)

==============================================================================

